main.c:94:9:i2c1_pisiRegister	32	static
main.c:99:6:i2c1_beriRegistre	32	static
main.c:106:6:initOrientation	8	static
main.c:138:6:reading	8	static
main.c:168:6:button_reading	8	static
main.c:189:6:sensor_transmitting	48	static
main.c:204:6:button_transmitting	24	static
main.c:224:5:main	32	static
main.c:347:6:SystemClock_Config	112	static
main.c:400:13:MX_I2C1_Init	8	static
main.c:434:13:MX_I2S2_Init	8	static
main.c:468:13:MX_I2S3_Init	8	static
main.c:502:13:MX_SPI1_Init	8	static
main.c:540:13:MX_TIM4_Init	32	static
main.c:585:13:MX_GPIO_Init	56	static
main.c:677:6:StartDefaultTask	16	static
main.c:694:6:Error_Handler	4	static,ignoring_inline_asm
