main.c:104:9:i2c1_pisiRegister	32	static
main.c:109:6:i2c1_beriRegistre	32	static
main.c:116:6:initOrientation	8	static
main.c:136:6:reading	16	static
main.c:146:6:button_reading	16	static
main.c:170:6:sensor_transmitting	56	static
main.c:182:6:button_transmitting	24	static
main.c:199:5:main	32	static
main.c:325:6:SystemClock_Config	112	static
main.c:378:13:MX_I2C1_Init	8	static
main.c:412:13:MX_I2S2_Init	8	static
main.c:446:13:MX_I2S3_Init	8	static
main.c:480:13:MX_SPI1_Init	8	static
main.c:518:13:MX_TIM4_Init	32	static
main.c:563:13:MX_GPIO_Init	56	static
main.c:655:6:StartDefaultTask	16	static
main.c:672:6:Error_Handler	4	static,ignoring_inline_asm
