Archive member included to satisfy reference by file (symbol)

/Applications/ARM/bin/../lib/gcc/arm-none-eabi/9.3.1/thumb/v7e-m/nofp/libgcc.a(_arm_muldf3.o)
                              CMakeFiles/CarController.elf.dir/Core/Src/main.c.obj (__aeabi_dmul)
/Applications/ARM/bin/../lib/gcc/arm-none-eabi/9.3.1/thumb/v7e-m/nofp/libgcc.a(_arm_addsubdf3.o)
                              CMakeFiles/CarController.elf.dir/Core/Src/main.c.obj (__aeabi_f2d)
/Applications/ARM/bin/../lib/gcc/arm-none-eabi/9.3.1/thumb/v7e-m/nofp/libgcc.a(_arm_addsubsf3.o)
                              CMakeFiles/CarController.elf.dir/Core/Src/main.c.obj (__aeabi_i2f)
/Applications/ARM/bin/../lib/gcc/arm-none-eabi/9.3.1/thumb/v7e-m/nofp/libgcc.a(_aeabi_uldivmod.o)
                              CMakeFiles/CarController.elf.dir/Drivers/STM32F4xx_HAL_Driver/Src/stm32f4xx_hal_rcc.c.obj (__aeabi_uldivmod)
/Applications/ARM/bin/../lib/gcc/arm-none-eabi/9.3.1/thumb/v7e-m/nofp/libgcc.a(_udivmoddi4.o)
                              /Applications/ARM/bin/../lib/gcc/arm-none-eabi/9.3.1/thumb/v7e-m/nofp/libgcc.a(_aeabi_uldivmod.o) (__udivmoddi4)
/Applications/ARM/bin/../lib/gcc/arm-none-eabi/9.3.1/thumb/v7e-m/nofp/libgcc.a(_dvmd_tls.o)
                              /Applications/ARM/bin/../lib/gcc/arm-none-eabi/9.3.1/thumb/v7e-m/nofp/libgcc.a(_aeabi_uldivmod.o) (__aeabi_ldiv0)
/Applications/ARM/bin/../lib/gcc/arm-none-eabi/9.3.1/../../../../arm-none-eabi/lib/thumb/v7e-m/nofp/libg.a(lib_a-errno.o)
                              CMakeFiles/CarController.elf.dir/Core/Src/syscalls.c.obj (__errno)
/Applications/ARM/bin/../lib/gcc/arm-none-eabi/9.3.1/../../../../arm-none-eabi/lib/thumb/v7e-m/nofp/libg.a(lib_a-exit.o)
                              /Applications/ARM/bin/../lib/gcc/arm-none-eabi/9.3.1/../../../../arm-none-eabi/lib/thumb/v7e-m/nofp/crt0.o (exit)
/Applications/ARM/bin/../lib/gcc/arm-none-eabi/9.3.1/../../../../arm-none-eabi/lib/thumb/v7e-m/nofp/libg.a(lib_a-impure.o)
                              /Applications/ARM/bin/../lib/gcc/arm-none-eabi/9.3.1/../../../../arm-none-eabi/lib/thumb/v7e-m/nofp/libg.a(lib_a-exit.o) (_global_impure_ptr)
/Applications/ARM/bin/../lib/gcc/arm-none-eabi/9.3.1/../../../../arm-none-eabi/lib/thumb/v7e-m/nofp/libg.a(lib_a-init.o)
                              /Applications/ARM/bin/../lib/gcc/arm-none-eabi/9.3.1/../../../../arm-none-eabi/lib/thumb/v7e-m/nofp/crt0.o (__libc_init_array)
/Applications/ARM/bin/../lib/gcc/arm-none-eabi/9.3.1/../../../../arm-none-eabi/lib/thumb/v7e-m/nofp/libg.a(lib_a-malloc.o)
                              CMakeFiles/CarController.elf.dir/Middlewares/ST/STM32_USB_Device_Library/Class/CDC/Src/usbd_cdc.c.obj (malloc)
/Applications/ARM/bin/../lib/gcc/arm-none-eabi/9.3.1/../../../../arm-none-eabi/lib/thumb/v7e-m/nofp/libg.a(lib_a-mallocr.o)
                              /Applications/ARM/bin/../lib/gcc/arm-none-eabi/9.3.1/../../../../arm-none-eabi/lib/thumb/v7e-m/nofp/libg.a(lib_a-malloc.o) (_malloc_r)
/Applications/ARM/bin/../lib/gcc/arm-none-eabi/9.3.1/../../../../arm-none-eabi/lib/thumb/v7e-m/nofp/libg.a(lib_a-memset.o)
                              /Applications/ARM/bin/../lib/gcc/arm-none-eabi/9.3.1/../../../../arm-none-eabi/lib/thumb/v7e-m/nofp/crt0.o (memset)
/Applications/ARM/bin/../lib/gcc/arm-none-eabi/9.3.1/../../../../arm-none-eabi/lib/thumb/v7e-m/nofp/libg.a(lib_a-mlock.o)
                              /Applications/ARM/bin/../lib/gcc/arm-none-eabi/9.3.1/../../../../arm-none-eabi/lib/thumb/v7e-m/nofp/libg.a(lib_a-mallocr.o) (__malloc_lock)
/Applications/ARM/bin/../lib/gcc/arm-none-eabi/9.3.1/../../../../arm-none-eabi/lib/thumb/v7e-m/nofp/libg.a(lib_a-sbrkr.o)
                              /Applications/ARM/bin/../lib/gcc/arm-none-eabi/9.3.1/../../../../arm-none-eabi/lib/thumb/v7e-m/nofp/libg.a(lib_a-mallocr.o) (_sbrk_r)
/Applications/ARM/bin/../lib/gcc/arm-none-eabi/9.3.1/../../../../arm-none-eabi/lib/thumb/v7e-m/nofp/libg.a(lib_a-sprintf.o)
                              CMakeFiles/CarController.elf.dir/Core/Src/main.c.obj (sprintf)
/Applications/ARM/bin/../lib/gcc/arm-none-eabi/9.3.1/../../../../arm-none-eabi/lib/thumb/v7e-m/nofp/libg.a(lib_a-svfprintf.o)
                              /Applications/ARM/bin/../lib/gcc/arm-none-eabi/9.3.1/../../../../arm-none-eabi/lib/thumb/v7e-m/nofp/libg.a(lib_a-sprintf.o) (_svfprintf_r)
/Applications/ARM/bin/../lib/gcc/arm-none-eabi/9.3.1/../../../../arm-none-eabi/lib/thumb/v7e-m/nofp/libg.a(lib_a-__call_atexit.o)
                              /Applications/ARM/bin/../lib/gcc/arm-none-eabi/9.3.1/../../../../arm-none-eabi/lib/thumb/v7e-m/nofp/libg.a(lib_a-exit.o) (__call_exitprocs)
/Applications/ARM/bin/../lib/gcc/arm-none-eabi/9.3.1/../../../../arm-none-eabi/lib/thumb/v7e-m/nofp/libg.a(lib_a-atexit.o)
                              /Applications/ARM/bin/../lib/gcc/arm-none-eabi/9.3.1/../../../../arm-none-eabi/lib/thumb/v7e-m/nofp/libg.a(lib_a-__call_atexit.o) (atexit)
[...]
Memory Configuration

Name             Origin             Length             Attributes
RAM              0x0000000020000000 0x0000000000020000 xrw
FLASH            0x0000000008000000 0x0000000000080000 xr
*default*        0x0000000000000000 0xffffffffffffffff

Linker script and memory map

LOAD /Applications/ARM/bin/../lib/gcc/arm-none-eabi/9.3.1/thumb/v7e-m/nofp/crti.o
LOAD /Applications/ARM/bin/../lib/gcc/arm-none-eabi/9.3.1/thumb/v7e-m/nofp/crtbegin.o
LOAD /Applications/ARM/bin/../lib/gcc/arm-none-eabi/9.3.1/../../../../arm-none-eabi/lib/thumb/v7e-m/nofp/crt0.o
LOAD CMakeFiles/CarController.elf.dir/Core/Src/main.c.obj
LOAD CMakeFiles/CarController.elf.dir/Core/Src/stm32f4xx_hal_msp.c.obj
LOAD CMakeFiles/CarController.elf.dir/Core/Src/stm32f4xx_it.c.obj
LOAD CMakeFiles/CarController.elf.dir/Core/Src/syscalls.c.obj
LOAD CMakeFiles/CarController.elf.dir/Core/Src/sysmem.c.obj
LOAD CMakeFiles/CarController.elf.dir/Core/Src/system_stm32f4xx.c.obj
LOAD CMakeFiles/CarController.elf.dir/Core/Startup/startup_stm32f411vetx.s.obj
LOAD CMakeFiles/CarController.elf.dir/Drivers/STM32F4xx_HAL_Driver/Src/stm32f4xx_hal.c.obj
LOAD CMakeFiles/CarController.elf.dir/Drivers/STM32F4xx_HAL_Driver/Src/stm32f4xx_hal_cortex.c.obj
LOAD CMakeFiles/CarController.elf.dir/Drivers/STM32F4xx_HAL_Driver/Src/stm32f4xx_hal_dma.c.obj
LOAD CMakeFiles/CarController.elf.dir/Drivers/STM32F4xx_HAL_Driver/Src/stm32f4xx_hal_dma_ex.c.obj
LOAD CMakeFiles/CarController.elf.dir/Drivers/STM32F4xx_HAL_Driver/Src/stm32f4xx_hal_exti.c.obj
LOAD CMakeFiles/CarController.elf.dir/Drivers/STM32F4xx_HAL_Driver/Src/stm32f4xx_hal_flash.c.obj
LOAD CMakeFiles/CarController.elf.dir/Drivers/STM32F4xx_HAL_Driver/Src/stm32f4xx_hal_flash_ex.c.obj
LOAD CMakeFiles/CarController.elf.dir/Drivers/STM32F4xx_HAL_Driver/Src/stm32f4xx_hal_flash_ramfunc.c.obj
LOAD CMakeFiles/CarController.elf.dir/Drivers/STM32F4xx_HAL_Driver/Src/stm32f4xx_hal_gpio.c.obj
LOAD CMakeFiles/CarController.elf.dir/Drivers/STM32F4xx_HAL_Driver/Src/stm32f4xx_hal_i2c.c.obj
LOAD CMakeFiles/CarController.elf.dir/Drivers/STM32F4xx_HAL_Driver/Src/stm32f4xx_hal_i2c_ex.c.obj
LOAD CMakeFiles/CarController.elf.dir/Drivers/STM32F4xx_HAL_Driver/Src/stm32f4xx_hal_i2s.c.obj
LOAD CMakeFiles/CarController.elf.dir/Drivers/STM32F4xx_HAL_Driver/Src/stm32f4xx_hal_i2s_ex.c.obj
LOAD CMakeFiles/CarController.elf.dir/Drivers/STM32F4xx_HAL_Driver/Src/stm32f4xx_hal_pcd.c.obj
LOAD CMakeFiles/CarController.elf.dir/Drivers/STM32F4xx_HAL_Driver/Src/stm32f4xx_hal_pcd_ex.c.obj
LOAD CMakeFiles/CarController.elf.dir/Drivers/STM32F4xx_HAL_Driver/Src/stm32f4xx_hal_pwr.c.obj
LOAD CMakeFiles/CarController.elf.dir/Drivers/STM32F4xx_HAL_Driver/Src/stm32f4xx_hal_pwr_ex.c.obj
LOAD CMakeFiles/CarController.elf.dir/Drivers/STM32F4xx_HAL_Driver/Src/stm32f4xx_hal_rcc.c.obj
LOAD CMakeFiles/CarController.elf.dir/Drivers/STM32F4xx_HAL_Driver/Src/stm32f4xx_hal_rcc_ex.c.obj
LOAD CMakeFiles/CarController.elf.dir/Drivers/STM32F4xx_HAL_Driver/Src/stm32f4xx_hal_spi.c.obj
LOAD CMakeFiles/CarController.elf.dir/Drivers/STM32F4xx_HAL_Driver/Src/stm32f4xx_hal_tim.c.obj
LOAD CMakeFiles/CarController.elf.dir/Drivers/STM32F4xx_HAL_Driver/Src/stm32f4xx_hal_tim_ex.c.obj
LOAD CMakeFiles/CarController.elf.dir/Drivers/STM32F4xx_HAL_Driver/Src/stm32f4xx_ll_usb.c.obj
LOAD CMakeFiles/CarController.elf.dir/Middlewares/ST/STM32_USB_Device_Library/Class/CDC/Src/usbd_cdc.c.obj
LOAD CMakeFiles/CarController.elf.dir/Middlewares/ST/STM32_USB_Device_Library/Core/Src/usbd_core.c.obj
LOAD CMakeFiles/CarController.elf.dir/Middlewares/ST/STM32_USB_Device_Library/Core/Src/usbd_ctlreq.c.obj
LOAD CMakeFiles/CarController.elf.dir/Middlewares/ST/STM32_USB_Device_Library/Core/Src/usbd_ioreq.c.obj
LOAD CMakeFiles/CarController.elf.dir/USB_DEVICE/App/usb_device.c.obj
LOAD CMakeFiles/CarController.elf.dir/USB_DEVICE/App/usbd_cdc_if.c.obj
LOAD CMakeFiles/CarController.elf.dir/USB_DEVICE/App/usbd_desc.c.obj
LOAD CMakeFiles/CarController.elf.dir/USB_DEVICE/Target/usbd_conf.c.obj
START GROUP
LOAD /Applications/ARM/bin/../lib/gcc/arm-none-eabi/9.3.1/thumb/v7e-m/nofp/libgcc.a
LOAD /Applications/ARM/bin/../lib/gcc/arm-none-eabi/9.3.1/../../../../arm-none-eabi/lib/thumb/v7e-m/nofp/libg.a
LOAD /Applications/ARM/bin/../lib/gcc/arm-none-eabi/9.3.1/../../../../arm-none-eabi/lib/thumb/v7e-m/nofp/libc.a
END GROUP
LOAD /Applications/ARM/bin/../lib/gcc/arm-none-eabi/9.3.1/thumb/v7e-m/nofp/crtend.o
LOAD /Applications/ARM/bin/../lib/gcc/arm-none-eabi/9.3.1/thumb/v7e-m/nofp/crtn.o
                0x0000000020020000                _estack = (ORIGIN (RAM) + LENGTH (RAM))
                0x0000000000000200                _Min_Heap_Size = 0x200
                0x0000000000000400                _Min_Stack_Size = 0x400

.isr_vector     0x0000000008000000      0x198
                0x0000000008000000                . = ALIGN (0x4)
 *(.isr_vector)
 .isr_vector    0x0000000008000000      0x198 CMakeFiles/CarController.elf.dir/Core/Startup/startup_stm32f411vetx.s.obj
                0x0000000008000000                g_pfnVectors
                0x0000000008000198                . = ALIGN (0x4)

.text           0x00000000080001c0     0xc2d8
                0x00000000080001c0                . = ALIGN (0x4)
 *(.text)
 .text          0x00000000080001c0       0x40 /Applications/ARM/bin/../lib/gcc/arm-none-eabi/9.3.1/thumb/v7e-m/nofp/crtbegin.o
 .text          0x0000000008000200      0x378 /Applications/ARM/bin/../lib/gcc/arm-none-eabi/9.3.1/thumb/v7e-m/nofp/libgcc.a(_arm_addsubdf3.o)
                0x0000000008000200                __aeabi_drsub
                0x0000000008000208                __subdf3
                0x0000000008000208                __aeabi_dsub
                0x000000000800020c                __aeabi_dadd
                0x000000000800020c                __adddf3
                0x0000000008000484                __aeabi_ui2d
                0x0000000008000484                __floatunsidf
                0x00000000080004a4                __floatsidf
                0x00000000080004a4                __aeabi_i2d
                0x00000000080004c8                __extendsfdf2
                0x00000000080004c8                __aeabi_f2d
                0x000000000800050c                __aeabi_ul2d
                0x000000000800050c                __floatundidf
                0x000000000800051c                __aeabi_l2d
                0x000000000800051c                __floatdidf
 .text          0x0000000008000578      0x21c /Applications/ARM/bin/../lib/gcc/arm-none-eabi/9.3.1/thumb/v7e-m/nofp/libgcc.a(_arm_addsubsf3.o)
                0x0000000008000578                __aeabi_frsub
                0x0000000008000580                __aeabi_fsub
                0x0000000008000580                __subsf3
                0x0000000008000584                __aeabi_fadd
                0x0000000008000584                __addsf3
                0x00000000080006e4                __aeabi_ui2f
                0x00000000080006e4                __floatunsisf
                0x00000000080006ec                __floatsisf
                0x00000000080006ec                __aeabi_i2f
                0x0000000008000708                __aeabi_ul2f
                0x0000000008000708                __floatundisf
                0x0000000008000718                __aeabi_l2f
                0x0000000008000718                __floatdisf
 .text          0x0000000008000794       0x30 /Applications/ARM/bin/../lib/gcc/arm-none-eabi/9.3.1/thumb/v7e-m/nofp/libgcc.a(_aeabi_uldivmod.o)
                0x0000000008000794                __aeabi_uldivmod
 .text          0x00000000080007c4      0x2c0 /Applications/ARM/bin/../lib/gcc/arm-none-eabi/9.3.1/thumb/v7e-m/nofp/libgcc.a(_udivmoddi4.o)
                0x00000000080007c4                __udivmoddi4
 .text          0x0000000008000a84        0x4 /Applications/ARM/bin/../lib/gcc/arm-none-eabi/9.3.1/thumb/v7e-m/nofp/libgcc.a(_dvmd_tls.o)
                0x0000000008000a84                __aeabi_ldiv0
                0x0000000008000a84                __aeabi_idiv0
 *fill*         0x0000000008000a88        0x8 
 .text          0x0000000008000a90       0xa0 /Applications/ARM/bin/../lib/gcc/arm-none-eabi/9.3.1/../../../../arm-none-eabi/lib/thumb/v7e-m/nofp/libg.a(lib_a-memchr.o)
                0x0000000008000a90                memchr
 .text          0x0000000008000b30      0x134 /Applications/ARM/bin/../lib/gcc/arm-none-eabi/9.3.1/../../../../arm-none-eabi/lib/thumb/v7e-m/nofp/libg.a(lib_a-memcpy.o)
                0x0000000008000b30                memcpy
 *fill*         0x0000000008000c64       0x1c 
 .text          0x0000000008000c80       0xdc /Applications/ARM/bin/../lib/gcc/arm-none-eabi/9.3.1/../../../../arm-none-eabi/lib/thumb/v7e-m/nofp/libg.a(lib_a-strlen.o)
                0x0000000008000c80                strlen
 .text          0x0000000008000d5c      0x424 /Applications/ARM/bin/../lib/gcc/arm-none-eabi/9.3.1/thumb/v7e-m/nofp/libgcc.a(_arm_muldivdf3.o)
                0x0000000008000d5c                __aeabi_dmul
                0x0000000008000d5c                __muldf3
                0x0000000008000fb0                __aeabi_ddiv
                0x0000000008000fb0                __divdf3
 .text          0x0000000008001180      0x110 /Applications/ARM/bin/../lib/gcc/arm-none-eabi/9.3.1/thumb/v7e-m/nofp/libgcc.a(_arm_cmpdf2.o)
                0x0000000008001180                __gedf2
                0x0000000008001180                __gtdf2
                0x0000000008001188                __ledf2
                0x0000000008001188                __ltdf2
                0x0000000008001190                __cmpdf2
                0x0000000008001190                __eqdf2
                0x0000000008001190                __nedf2
                0x000000000800120c                __aeabi_cdrcmple
                0x000000000800121c                __aeabi_cdcmple
                0x000000000800121c                __aeabi_cdcmpeq
                0x000000000800122c                __aeabi_dcmpeq
                0x0000000008001240                __aeabi_dcmplt
                0x0000000008001254                __aeabi_dcmple
                0x0000000008001268                __aeabi_dcmpge
                0x000000000800127c                __aeabi_dcmpgt
 .text          0x0000000008001290       0x2c /Applications/ARM/bin/../lib/gcc/arm-none-eabi/9.3.1/thumb/v7e-m/nofp/libgcc.a(_arm_unorddf2.o)
                0x0000000008001290                __aeabi_dcmpun
                0x0000000008001290                __unorddf2
 .text          0x00000000080012bc       0x50 /Applications/ARM/bin/../lib/gcc/arm-none-eabi/9.3.1/thumb/v7e-m/nofp/libgcc.a(_arm_fixdfsi.o)
                0x00000000080012bc                __fixdfsi
                0x00000000080012bc                __aeabi_d2iz
 *(.text*)
 .text.MX_GPIO_Init
                0x000000000800130c      0x178 CMakeFiles/CarController.elf.dir/Core/Src/main.c.obj
 .text.i2c1_pisiRegister
                0x0000000008001484       0x30 CMakeFiles/CarController.elf.dir/Core/Src/main.c.obj
                0x0000000008001484                i2c1_pisiRegister
 .text.i2c1_beriRegistre
                0x00000000080014b4       0x34 CMakeFiles/CarController.elf.dir/Core/Src/main.c.obj
                0x00000000080014b4                i2c1_beriRegistre
 .text.initOrientation
                0x00000000080014e8       0x38 CMakeFiles/CarController.elf.dir/Core/Src/main.c.obj
                0x00000000080014e8                initOrientation
 .text.HAL_GPIO_EXTI_Callback
                0x0000000008001520       0xd4 CMakeFiles/CarController.elf.dir/Core/Src/main.c.obj
                0x0000000008001520                HAL_GPIO_EXTI_Callback
 .text.HAL_TIM_PeriodElapsedCallback
                0x00000000080015f4       0x7c CMakeFiles/CarController.elf.dir/Core/Src/main.c.obj
                0x00000000080015f4                HAL_TIM_PeriodElapsedCallback
 .text.Error_Handler
                0x0000000008001670        0x4 CMakeFiles/CarController.elf.dir/Core/Src/main.c.obj
                0x0000000008001670                Error_Handler
 .text.MX_I2C1_Init
                0x0000000008001674       0x38 CMakeFiles/CarController.elf.dir/Core/Src/main.c.obj
 .text.MX_I2S2_Init
                0x00000000080016ac       0x3c CMakeFiles/CarController.elf.dir/Core/Src/main.c.obj
 .text.MX_I2S3_Init
                0x00000000080016e8       0x38 CMakeFiles/CarController.elf.dir/Core/Src/main.c.obj
 .text.MX_SPI1_Init
                0x0000000008001720       0x40 CMakeFiles/CarController.elf.dir/Core/Src/main.c.obj
 .text.MX_TIM4_Init
                0x0000000008001760       0x68 CMakeFiles/CarController.elf.dir/Core/Src/main.c.obj
 .text.SystemClock_Config
                0x00000000080017c8       0xcc CMakeFiles/CarController.elf.dir/Core/Src/main.c.obj
                0x00000000080017c8                SystemClock_Config
 .text.main     0x0000000008001894       0x58 CMakeFiles/CarController.elf.dir/Core/Src/main.c.obj
                0x0000000008001894                main
 .text.HAL_MspInit
                0x00000000080018ec       0x40 CMakeFiles/CarController.elf.dir/Core/Src/stm32f4xx_hal_msp.c.obj
                0x00000000080018ec                HAL_MspInit
 .text.HAL_I2C_MspInit
                0x000000000800192c       0x74 CMakeFiles/CarController.elf.dir/Core/Src/stm32f4xx_hal_msp.c.obj
                0x000000000800192c                HAL_I2C_MspInit
 .text.HAL_I2S_MspInit
                0x00000000080019a0      0x134 CMakeFiles/CarController.elf.dir/Core/Src/stm32f4xx_hal_msp.c.obj
                0x00000000080019a0                HAL_I2S_MspInit
 .text.HAL_SPI_MspInit
                0x0000000008001ad4       0x70 CMakeFiles/CarController.elf.dir/Core/Src/stm32f4xx_hal_msp.c.obj
                0x0000000008001ad4                HAL_SPI_MspInit
 .text.HAL_TIM_Base_MspInit
                0x0000000008001b44       0x40 CMakeFiles/CarController.elf.dir/Core/Src/stm32f4xx_hal_msp.c.obj
                0x0000000008001b44                HAL_TIM_Base_MspInit
 .text.NMI_Handler
                0x0000000008001b84        0x2 CMakeFiles/CarController.elf.dir/Core/Src/stm32f4xx_it.c.obj
                0x0000000008001b84                NMI_Handler
 .text.HardFault_Handler
                0x0000000008001b86        0x2 CMakeFiles/CarController.elf.dir/Core/Src/stm32f4xx_it.c.obj
                0x0000000008001b86                HardFault_Handler
 .text.MemManage_Handler
                0x0000000008001b88        0x2 CMakeFiles/CarController.elf.dir/Core/Src/stm32f4xx_it.c.obj
                0x0000000008001b88                MemManage_Handler
 .text.BusFault_Handler
                0x0000000008001b8a        0x2 CMakeFiles/CarController.elf.dir/Core/Src/stm32f4xx_it.c.obj
                0x0000000008001b8a                BusFault_Handler
 .text.UsageFault_Handler
                0x0000000008001b8c        0x2 CMakeFiles/CarController.elf.dir/Core/Src/stm32f4xx_it.c.obj
                0x0000000008001b8c                UsageFault_Handler
 .text.SVC_Handler
                0x0000000008001b8e        0x2 CMakeFiles/CarController.elf.dir/Core/Src/stm32f4xx_it.c.obj
                0x0000000008001b8e                SVC_Handler
 .text.DebugMon_Handler
                0x0000000008001b90        0x2 CMakeFiles/CarController.elf.dir/Core/Src/stm32f4xx_it.c.obj
                0x0000000008001b90                DebugMon_Handler
 .text.PendSV_Handler
                0x0000000008001b92        0x2 CMakeFiles/CarController.elf.dir/Core/Src/stm32f4xx_it.c.obj
                0x0000000008001b92                PendSV_Handler
 .text.SysTick_Handler
                0x0000000008001b94        0x8 CMakeFiles/CarController.elf.dir/Core/Src/stm32f4xx_it.c.obj
                0x0000000008001b94                SysTick_Handler
 .text.EXTI4_IRQHandler
                0x0000000008001b9c        0xa CMakeFiles/CarController.elf.dir/Core/Src/stm32f4xx_it.c.obj
                0x0000000008001b9c                EXTI4_IRQHandler
 *fill*         0x0000000008001ba6        0x2 
 .text.TIM4_IRQHandler
                0x0000000008001ba8       0x10 CMakeFiles/CarController.elf.dir/Core/Src/stm32f4xx_it.c.obj
                0x0000000008001ba8                TIM4_IRQHandler
 .text.OTG_FS_IRQHandler
                0x0000000008001bb8       0x10 CMakeFiles/CarController.elf.dir/Core/Src/stm32f4xx_it.c.obj
                0x0000000008001bb8                OTG_FS_IRQHandler
 .text._getpid  0x0000000008001bc8        0x4 CMakeFiles/CarController.elf.dir/Core/Src/syscalls.c.obj
                0x0000000008001bc8                _getpid
 .text._kill    0x0000000008001bcc       0x10 CMakeFiles/CarController.elf.dir/Core/Src/syscalls.c.obj
                0x0000000008001bcc                _kill
 .text._exit    0x0000000008001bdc        0xc CMakeFiles/CarController.elf.dir/Core/Src/syscalls.c.obj
                0x0000000008001bdc                _exit
 .text._read    0x0000000008001be8       0x20 CMakeFiles/CarController.elf.dir/Core/Src/syscalls.c.obj
                0x0000000008001be8                _read
 .text._write   0x0000000008001c08       0x1c CMakeFiles/CarController.elf.dir/Core/Src/syscalls.c.obj
                0x0000000008001c08                _write
 .text._close   0x0000000008001c24        0x6 CMakeFiles/CarController.elf.dir/Core/Src/syscalls.c.obj
                0x0000000008001c24                _close
 .text._fstat   0x0000000008001c2a        0xa CMakeFiles/CarController.elf.dir/Core/Src/syscalls.c.obj
                0x0000000008001c2a                _fstat
 .text._isatty  0x0000000008001c34        0x4 CMakeFiles/CarController.elf.dir/Core/Src/syscalls.c.obj
                0x0000000008001c34                _isatty
 .text._lseek   0x0000000008001c38        0x4 CMakeFiles/CarController.elf.dir/Core/Src/syscalls.c.obj
                0x0000000008001c38                _lseek
 .text._sbrk    0x0000000008001c3c       0x48 CMakeFiles/CarController.elf.dir/Core/Src/sysmem.c.obj
                0x0000000008001c3c                _sbrk
 .text.SystemInit
                0x0000000008001c84       0x10 CMakeFiles/CarController.elf.dir/Core/Src/system_stm32f4xx.c.obj
                0x0000000008001c84                SystemInit
 .text.Reset_Handler
                0x0000000008001c94       0x50 CMakeFiles/CarController.elf.dir/Core/Startup/startup_stm32f411vetx.s.obj
                0x0000000008001c94                Reset_Handler
 .text.Default_Handler
                0x0000000008001ce4        0x2 CMakeFiles/CarController.elf.dir/Core/Startup/startup_stm32f411vetx.s.obj
                0x0000000008001ce4                DMA1_Stream3_IRQHandler
                0x0000000008001ce4                EXTI2_IRQHandler
                0x0000000008001ce4                SPI4_IRQHandler
                0x0000000008001ce4                TIM1_CC_IRQHandler
                0x0000000008001ce4                DMA2_Stream5_IRQHandler
                0x0000000008001ce4                DMA1_Stream5_IRQHandler
                0x0000000008001ce4                PVD_IRQHandler
                0x0000000008001ce4                SDIO_IRQHandler
                0x0000000008001ce4                TAMP_STAMP_IRQHandler
                0x0000000008001ce4                EXTI3_IRQHandler
                0x0000000008001ce4                TIM1_UP_TIM10_IRQHandler
                0x0000000008001ce4                I2C3_ER_IRQHandler
                0x0000000008001ce4                EXTI0_IRQHandler
                0x0000000008001ce4                I2C2_EV_IRQHandler
                0x0000000008001ce4                DMA1_Stream2_IRQHandler
                0x0000000008001ce4                FPU_IRQHandler
                0x0000000008001ce4                DMA2_Stream2_IRQHandler
                0x0000000008001ce4                SPI1_IRQHandler
                0x0000000008001ce4                TIM1_BRK_TIM9_IRQHandler
                0x0000000008001ce4                DMA2_Stream3_IRQHandler
                0x0000000008001ce4                USART6_IRQHandler
                0x0000000008001ce4                DMA2_Stream0_IRQHandler
                0x0000000008001ce4                I2C1_EV_IRQHandler
                0x0000000008001ce4                DMA1_Stream6_IRQHandler
                0x0000000008001ce4                DMA1_Stream1_IRQHandler
                0x0000000008001ce4                TIM3_IRQHandler
                0x0000000008001ce4                RCC_IRQHandler
                0x0000000008001ce4                Default_Handler
                0x0000000008001ce4                EXTI15_10_IRQHandler
                0x0000000008001ce4                ADC_IRQHandler
                0x0000000008001ce4                DMA1_Stream7_IRQHandler
                0x0000000008001ce4                SPI5_IRQHandler
                0x0000000008001ce4                TIM5_IRQHandler
                0x0000000008001ce4                DMA2_Stream7_IRQHandler
                0x0000000008001ce4                I2C3_EV_IRQHandler
                0x0000000008001ce4                EXTI9_5_IRQHandler
                0x0000000008001ce4                RTC_WKUP_IRQHandler
                0x0000000008001ce4                SPI2_IRQHandler
                0x0000000008001ce4                DMA1_Stream0_IRQHandler
                0x0000000008001ce4                WWDG_IRQHandler
                0x0000000008001ce4                TIM2_IRQHandler
                0x0000000008001ce4                OTG_FS_WKUP_IRQHandler
                0x0000000008001ce4                TIM1_TRG_COM_TIM11_IRQHandler
                0x0000000008001ce4                EXTI1_IRQHandler
                0x0000000008001ce4                USART2_IRQHandler
                0x0000000008001ce4                I2C2_ER_IRQHandler
                0x0000000008001ce4                DMA2_Stream1_IRQHandler
                0x0000000008001ce4                FLASH_IRQHandler
                0x0000000008001ce4                DMA2_Stream4_IRQHandler
                0x0000000008001ce4                USART1_IRQHandler
                0x0000000008001ce4                SPI3_IRQHandler
                0x0000000008001ce4                DMA1_Stream4_IRQHandler
                0x0000000008001ce4                I2C1_ER_IRQHandler
                0x0000000008001ce4                DMA2_Stream6_IRQHandler
                0x0000000008001ce4                RTC_Alarm_IRQHandler
 *fill*         0x0000000008001ce6        0x2 
 .text.HAL_InitTick
                0x0000000008001ce8       0x4c CMakeFiles/CarController.elf.dir/Drivers/STM32F4xx_HAL_Driver/Src/stm32f4xx_hal.c.obj
                0x0000000008001ce8                HAL_InitTick
 .text.HAL_Init
                0x0000000008001d34       0x34 CMakeFiles/CarController.elf.dir/Drivers/STM32F4xx_HAL_Driver/Src/stm32f4xx_hal.c.obj
                0x0000000008001d34                HAL_Init
 .text.HAL_IncTick
                0x0000000008001d68       0x18 CMakeFiles/CarController.elf.dir/Drivers/STM32F4xx_HAL_Driver/Src/stm32f4xx_hal.c.obj
                0x0000000008001d68                HAL_IncTick
 .text.HAL_GetTick
                0x0000000008001d80        0xc CMakeFiles/CarController.elf.dir/Drivers/STM32F4xx_HAL_Driver/Src/stm32f4xx_hal.c.obj
                0x0000000008001d80                HAL_GetTick
 .text.HAL_Delay
                0x0000000008001d8c       0x28 CMakeFiles/CarController.elf.dir/Drivers/STM32F4xx_HAL_Driver/Src/stm32f4xx_hal.c.obj
                0x0000000008001d8c                HAL_Delay
 .text.HAL_NVIC_SetPriorityGrouping
                0x0000000008001db4       0x24 CMakeFiles/CarController.elf.dir/Drivers/STM32F4xx_HAL_Driver/Src/stm32f4xx_hal_cortex.c.obj
                0x0000000008001db4                HAL_NVIC_SetPriorityGrouping
 .text.HAL_NVIC_SetPriority
                0x0000000008001dd8       0x68 CMakeFiles/CarController.elf.dir/Drivers/STM32F4xx_HAL_Driver/Src/stm32f4xx_hal_cortex.c.obj
                0x0000000008001dd8                HAL_NVIC_SetPriority
 .text.HAL_NVIC_EnableIRQ
                0x0000000008001e40       0x1c CMakeFiles/CarController.elf.dir/Drivers/STM32F4xx_HAL_Driver/Src/stm32f4xx_hal_cortex.c.obj
                0x0000000008001e40                HAL_NVIC_EnableIRQ
 .text.HAL_SYSTICK_Config
                0x0000000008001e5c       0x2c CMakeFiles/CarController.elf.dir/Drivers/STM32F4xx_HAL_Driver/Src/stm32f4xx_hal_cortex.c.obj
                0x0000000008001e5c                HAL_SYSTICK_Config
 .text.HAL_GPIO_Init
                0x0000000008001e88      0x1a8 CMakeFiles/CarController.elf.dir/Drivers/STM32F4xx_HAL_Driver/Src/stm32f4xx_hal_gpio.c.obj
                0x0000000008001e88                HAL_GPIO_Init
 .text.HAL_GPIO_ReadPin
                0x0000000008002030        0xe CMakeFiles/CarController.elf.dir/Drivers/STM32F4xx_HAL_Driver/Src/stm32f4xx_hal_gpio.c.obj
                0x0000000008002030                HAL_GPIO_ReadPin
 .text.HAL_GPIO_WritePin
                0x000000000800203e        0xc CMakeFiles/CarController.elf.dir/Drivers/STM32F4xx_HAL_Driver/Src/stm32f4xx_hal_gpio.c.obj
                0x000000000800203e                HAL_GPIO_WritePin
 .text.HAL_GPIO_TogglePin
                0x000000000800204a       0x12 CMakeFiles/CarController.elf.dir/Drivers/STM32F4xx_HAL_Driver/Src/stm32f4xx_hal_gpio.c.obj
                0x000000000800204a                HAL_GPIO_TogglePin
 .text.HAL_GPIO_EXTI_IRQHandler
                0x000000000800205c       0x1c CMakeFiles/CarController.elf.dir/Drivers/STM32F4xx_HAL_Driver/Src/stm32f4xx_hal_gpio.c.obj
                0x000000000800205c                HAL_GPIO_EXTI_IRQHandler
 .text.I2C_IsAcknowledgeFailed
                0x0000000008002078       0x32 CMakeFiles/CarController.elf.dir/Drivers/STM32F4xx_HAL_Driver/Src/stm32f4xx_hal_i2c.c.obj
 .text.I2C_WaitOnFlagUntilTimeout
                0x00000000080020aa       0x74 CMakeFiles/CarController.elf.dir/Drivers/STM32F4xx_HAL_Driver/Src/stm32f4xx_hal_i2c.c.obj
 .text.I2C_WaitOnMasterAddressFlagUntilTimeout
                0x000000000800211e       0xaa CMakeFiles/CarController.elf.dir/Drivers/STM32F4xx_HAL_Driver/Src/stm32f4xx_hal_i2c.c.obj
 .text.I2C_WaitOnTXEFlagUntilTimeout
                0x00000000080021c8       0x54 CMakeFiles/CarController.elf.dir/Drivers/STM32F4xx_HAL_Driver/Src/stm32f4xx_hal_i2c.c.obj
 .text.I2C_RequestMemoryWrite
                0x000000000800221c       0xd8 CMakeFiles/CarController.elf.dir/Drivers/STM32F4xx_HAL_Driver/Src/stm32f4xx_hal_i2c.c.obj
 .text.I2C_RequestMemoryRead
                0x00000000080022f4      0x154 CMakeFiles/CarController.elf.dir/Drivers/STM32F4xx_HAL_Driver/Src/stm32f4xx_hal_i2c.c.obj
 .text.I2C_WaitOnBTFFlagUntilTimeout
                0x0000000008002448       0x54 CMakeFiles/CarController.elf.dir/Drivers/STM32F4xx_HAL_Driver/Src/stm32f4xx_hal_i2c.c.obj
 .text.I2C_WaitOnRXNEFlagUntilTimeout
                0x000000000800249c       0x6a CMakeFiles/CarController.elf.dir/Drivers/STM32F4xx_HAL_Driver/Src/stm32f4xx_hal_i2c.c.obj
 *fill*         0x0000000008002506        0x2 
 .text.HAL_I2C_Init
                0x0000000008002508      0x1bc CMakeFiles/CarController.elf.dir/Drivers/STM32F4xx_HAL_Driver/Src/stm32f4xx_hal_i2c.c.obj
                0x0000000008002508                HAL_I2C_Init
 .text.HAL_I2C_Mem_Write
                0x00000000080026c4      0x164 CMakeFiles/CarController.elf.dir/Drivers/STM32F4xx_HAL_Driver/Src/stm32f4xx_hal_i2c.c.obj
                0x00000000080026c4                HAL_I2C_Mem_Write
 .text.HAL_I2C_Mem_Read
                0x0000000008002828      0x2e4 CMakeFiles/CarController.elf.dir/Drivers/STM32F4xx_HAL_Driver/Src/stm32f4xx_hal_i2c.c.obj
                0x0000000008002828                HAL_I2C_Mem_Read
 .text.HAL_I2S_Init
                0x0000000008002b0c      0x19c CMakeFiles/CarController.elf.dir/Drivers/STM32F4xx_HAL_Driver/Src/stm32f4xx_hal_i2s.c.obj
                0x0000000008002b0c                HAL_I2S_Init
 .text.HAL_I2S_TxCpltCallback
                0x0000000008002ca8        0x2 CMakeFiles/CarController.elf.dir/Drivers/STM32F4xx_HAL_Driver/Src/stm32f4xx_hal_i2s.c.obj
                0x0000000008002ca8                HAL_I2S_TxCpltCallback
 .text.I2S_Transmit_IT
                0x0000000008002caa       0x38 CMakeFiles/CarController.elf.dir/Drivers/STM32F4xx_HAL_Driver/Src/stm32f4xx_hal_i2s.c.obj
 .text.HAL_I2S_RxCpltCallback
                0x0000000008002ce2        0x2 CMakeFiles/CarController.elf.dir/Drivers/STM32F4xx_HAL_Driver/Src/stm32f4xx_hal_i2s.c.obj
                0x0000000008002ce2                HAL_I2S_RxCpltCallback
 .text.I2S_Receive_IT
                0x0000000008002ce4       0x38 CMakeFiles/CarController.elf.dir/Drivers/STM32F4xx_HAL_Driver/Src/stm32f4xx_hal_i2s.c.obj
 .text.HAL_I2S_ErrorCallback
                0x0000000008002d1c        0x2 CMakeFiles/CarController.elf.dir/Drivers/STM32F4xx_HAL_Driver/Src/stm32f4xx_hal_i2s.c.obj
                0x0000000008002d1c                HAL_I2S_ErrorCallback
 .text.I2S_IRQHandler
                0x0000000008002d1e       0xd0 CMakeFiles/CarController.elf.dir/Drivers/STM32F4xx_HAL_Driver/Src/stm32f4xx_hal_i2s.c.obj
 .text.HAL_I2SEx_TxRxCpltCallback
                0x0000000008002dee        0x2 CMakeFiles/CarController.elf.dir/Drivers/STM32F4xx_HAL_Driver/Src/stm32f4xx_hal_i2s_ex.c.obj
                0x0000000008002dee                HAL_I2SEx_TxRxCpltCallback
 .text.I2SEx_TxISR_I2S
                0x0000000008002df0       0x3c CMakeFiles/CarController.elf.dir/Drivers/STM32F4xx_HAL_Driver/Src/stm32f4xx_hal_i2s_ex.c.obj
 .text.I2SEx_RxISR_I2SExt
                0x0000000008002e2c       0x64 CMakeFiles/CarController.elf.dir/Drivers/STM32F4xx_HAL_Driver/Src/stm32f4xx_hal_i2s_ex.c.obj
 .text.I2SEx_TxISR_I2SExt
                0x0000000008002e90       0x64 CMakeFiles/CarController.elf.dir/Drivers/STM32F4xx_HAL_Driver/Src/stm32f4xx_hal_i2s_ex.c.obj
 .text.I2SEx_RxISR_I2S
                0x0000000008002ef4       0x3c CMakeFiles/CarController.elf.dir/Drivers/STM32F4xx_HAL_Driver/Src/stm32f4xx_hal_i2s_ex.c.obj
 .text.HAL_I2SEx_FullDuplex_IRQHandler
                0x0000000008002f30      0x1d8 CMakeFiles/CarController.elf.dir/Drivers/STM32F4xx_HAL_Driver/Src/stm32f4xx_hal_i2s_ex.c.obj
                0x0000000008002f30                HAL_I2SEx_FullDuplex_IRQHandler
 .text.PCD_WriteEmptyTxFifo
                0x0000000008003108       0xd2 CMakeFiles/CarController.elf.dir/Drivers/STM32F4xx_HAL_Driver/Src/stm32f4xx_hal_pcd.c.obj
 .text.HAL_PCD_Init
                0x00000000080031da      0x126 CMakeFiles/CarController.elf.dir/Drivers/STM32F4xx_HAL_Driver/Src/stm32f4xx_hal_pcd.c.obj
                0x00000000080031da                HAL_PCD_Init
 .text.HAL_PCD_Start
                0x0000000008003300       0x42 CMakeFiles/CarController.elf.dir/Drivers/STM32F4xx_HAL_Driver/Src/stm32f4xx_hal_pcd.c.obj
                0x0000000008003300                HAL_PCD_Start
 *fill*         0x0000000008003342        0x2 
 .text.PCD_EP_OutXfrComplete_int
                0x0000000008003344       0xf8 CMakeFiles/CarController.elf.dir/Drivers/STM32F4xx_HAL_Driver/Src/stm32f4xx_hal_pcd.c.obj
 .text.PCD_EP_OutSetupPacket_int
                0x000000000800343c       0x50 CMakeFiles/CarController.elf.dir/Drivers/STM32F4xx_HAL_Driver/Src/stm32f4xx_hal_pcd.c.obj
 .text.HAL_PCD_IRQHandler
                0x000000000800348c      0x4ac CMakeFiles/CarController.elf.dir/Drivers/STM32F4xx_HAL_Driver/Src/stm32f4xx_hal_pcd.c.obj
                0x000000000800348c                HAL_PCD_IRQHandler
 .text.HAL_PCD_SetAddress
                0x0000000008003938       0x28 CMakeFiles/CarController.elf.dir/Drivers/STM32F4xx_HAL_Driver/Src/stm32f4xx_hal_pcd.c.obj
                0x0000000008003938                HAL_PCD_SetAddress
 .text.HAL_PCD_EP_Open
                0x0000000008003960       0x86 CMakeFiles/CarController.elf.dir/Drivers/STM32F4xx_HAL_Driver/Src/stm32f4xx_hal_pcd.c.obj
                0x0000000008003960                HAL_PCD_EP_Open
 .text.HAL_PCD_EP_Close
                0x00000000080039e6       0x72 CMakeFiles/CarController.elf.dir/Drivers/STM32F4xx_HAL_Driver/Src/stm32f4xx_hal_pcd.c.obj
                0x00000000080039e6                HAL_PCD_EP_Close
 .text.HAL_PCD_EP_Receive
                0x0000000008003a58       0x5e CMakeFiles/CarController.elf.dir/Drivers/STM32F4xx_HAL_Driver/Src/stm32f4xx_hal_pcd.c.obj
                0x0000000008003a58                HAL_PCD_EP_Receive
 .text.HAL_PCD_EP_GetRxCount
                0x0000000008003ab6       0x12 CMakeFiles/CarController.elf.dir/Drivers/STM32F4xx_HAL_Driver/Src/stm32f4xx_hal_pcd.c.obj
                0x0000000008003ab6                HAL_PCD_EP_GetRxCount
 .text.HAL_PCD_EP_Transmit
                0x0000000008003ac8       0x56 CMakeFiles/CarController.elf.dir/Drivers/STM32F4xx_HAL_Driver/Src/stm32f4xx_hal_pcd.c.obj
                0x0000000008003ac8                HAL_PCD_EP_Transmit
 .text.HAL_PCD_EP_SetStall
                0x0000000008003b1e       0x88 CMakeFiles/CarController.elf.dir/Drivers/STM32F4xx_HAL_Driver/Src/stm32f4xx_hal_pcd.c.obj
                0x0000000008003b1e                HAL_PCD_EP_SetStall
 .text.HAL_PCD_EP_ClrStall
                0x0000000008003ba6       0x76 CMakeFiles/CarController.elf.dir/Drivers/STM32F4xx_HAL_Driver/Src/stm32f4xx_hal_pcd.c.obj
                0x0000000008003ba6                HAL_PCD_EP_ClrStall
 .text.HAL_PCDEx_SetTxFiFo
                0x0000000008003c1c       0x48 CMakeFiles/CarController.elf.dir/Drivers/STM32F4xx_HAL_Driver/Src/stm32f4xx_hal_pcd_ex.c.obj
                0x0000000008003c1c                HAL_PCDEx_SetTxFiFo
 .text.HAL_PCDEx_SetRxFiFo
                0x0000000008003c64        0x8 CMakeFiles/CarController.elf.dir/Drivers/STM32F4xx_HAL_Driver/Src/stm32f4xx_hal_pcd_ex.c.obj
                0x0000000008003c64                HAL_PCDEx_SetRxFiFo
 .text.HAL_PCDEx_LPM_Callback
                0x0000000008003c6c        0x2 CMakeFiles/CarController.elf.dir/Drivers/STM32F4xx_HAL_Driver/Src/stm32f4xx_hal_pcd_ex.c.obj
                0x0000000008003c6c                HAL_PCDEx_LPM_Callback
 *fill*         0x0000000008003c6e        0x2 
 .text.HAL_RCC_OscConfig
                0x0000000008003c70      0x3ec CMakeFiles/CarController.elf.dir/Drivers/STM32F4xx_HAL_Driver/Src/stm32f4xx_hal_rcc.c.obj
                0x0000000008003c70                HAL_RCC_OscConfig
 .text.HAL_RCC_GetSysClockFreq
                0x000000000800405c       0xcc CMakeFiles/CarController.elf.dir/Drivers/STM32F4xx_HAL_Driver/Src/stm32f4xx_hal_rcc.c.obj
                0x000000000800405c                HAL_RCC_GetSysClockFreq
 .text.HAL_RCC_ClockConfig
                0x0000000008004128      0x160 CMakeFiles/CarController.elf.dir/Drivers/STM32F4xx_HAL_Driver/Src/stm32f4xx_hal_rcc.c.obj
                0x0000000008004128                HAL_RCC_ClockConfig
 .text.HAL_RCC_GetHCLKFreq
                0x0000000008004288        0xc CMakeFiles/CarController.elf.dir/Drivers/STM32F4xx_HAL_Driver/Src/stm32f4xx_hal_rcc.c.obj
                0x0000000008004288                HAL_RCC_GetHCLKFreq
 .text.HAL_RCC_GetPCLK1Freq
                0x0000000008004294       0x20 CMakeFiles/CarController.elf.dir/Drivers/STM32F4xx_HAL_Driver/Src/stm32f4xx_hal_rcc.c.obj
                0x0000000008004294                HAL_RCC_GetPCLK1Freq
 .text.HAL_RCCEx_PeriphCLKConfig
                0x00000000080042b4      0x170 CMakeFiles/CarController.elf.dir/Drivers/STM32F4xx_HAL_Driver/Src/stm32f4xx_hal_rcc_ex.c.obj
                0x00000000080042b4                HAL_RCCEx_PeriphCLKConfig
 .text.HAL_RCCEx_GetPeriphCLKFreq
                0x0000000008004424       0x78 CMakeFiles/CarController.elf.dir/Drivers/STM32F4xx_HAL_Driver/Src/stm32f4xx_hal_rcc_ex.c.obj
                0x0000000008004424                HAL_RCCEx_GetPeriphCLKFreq
 .text.HAL_SPI_Init
                0x000000000800449c       0x80 CMakeFiles/CarController.elf.dir/Drivers/STM32F4xx_HAL_Driver/Src/stm32f4xx_hal_spi.c.obj
                0x000000000800449c                HAL_SPI_Init
 .text.TIM_TI1_ConfigInputStage
                0x000000000800451c       0x24 CMakeFiles/CarController.elf.dir/Drivers/STM32F4xx_HAL_Driver/Src/stm32f4xx_hal_tim.c.obj
 .text.TIM_TI2_ConfigInputStage
                0x0000000008004540       0x26 CMakeFiles/CarController.elf.dir/Drivers/STM32F4xx_HAL_Driver/Src/stm32f4xx_hal_tim.c.obj
 .text.TIM_ITRx_SetConfig
                0x0000000008004566       0x10 CMakeFiles/CarController.elf.dir/Drivers/STM32F4xx_HAL_Driver/Src/stm32f4xx_hal_tim.c.obj
 .text.HAL_TIM_Base_Start_IT
                0x0000000008004576       0x22 CMakeFiles/CarController.elf.dir/Drivers/STM32F4xx_HAL_Driver/Src/stm32f4xx_hal_tim.c.obj
                0x0000000008004576                HAL_TIM_Base_Start_IT
 .text.HAL_TIM_OC_DelayElapsedCallback
                0x0000000008004598        0x2 CMakeFiles/CarController.elf.dir/Drivers/STM32F4xx_HAL_Driver/Src/stm32f4xx_hal_tim.c.obj
                0x0000000008004598                HAL_TIM_OC_DelayElapsedCallback
 .text.HAL_TIM_IC_CaptureCallback
                0x000000000800459a        0x2 CMakeFiles/CarController.elf.dir/Drivers/STM32F4xx_HAL_Driver/Src/stm32f4xx_hal_tim.c.obj
                0x000000000800459a                HAL_TIM_IC_CaptureCallback
 .text.HAL_TIM_PWM_PulseFinishedCallback
                0x000000000800459c        0x2 CMakeFiles/CarController.elf.dir/Drivers/STM32F4xx_HAL_Driver/Src/stm32f4xx_hal_tim.c.obj
                0x000000000800459c                HAL_TIM_PWM_PulseFinishedCallback
 .text.HAL_TIM_TriggerCallback
                0x000000000800459e        0x2 CMakeFiles/CarController.elf.dir/Drivers/STM32F4xx_HAL_Driver/Src/stm32f4xx_hal_tim.c.obj
                0x000000000800459e                HAL_TIM_TriggerCallback
 .text.HAL_TIM_IRQHandler
                0x00000000080045a0      0x17a CMakeFiles/CarController.elf.dir/Drivers/STM32F4xx_HAL_Driver/Src/stm32f4xx_hal_tim.c.obj
                0x00000000080045a0                HAL_TIM_IRQHandler
 *fill*         0x000000000800471a        0x2 
 .text.TIM_Base_SetConfig
                0x000000000800471c       0x9c CMakeFiles/CarController.elf.dir/Drivers/STM32F4xx_HAL_Driver/Src/stm32f4xx_hal_tim.c.obj
                0x000000000800471c                TIM_Base_SetConfig
 .text.HAL_TIM_Base_Init
                0x00000000080047b8       0x34 CMakeFiles/CarController.elf.dir/Drivers/STM32F4xx_HAL_Driver/Src/stm32f4xx_hal_tim.c.obj
                0x00000000080047b8                HAL_TIM_Base_Init
 .text.TIM_ETR_SetConfig
                0x00000000080047ec       0x16 CMakeFiles/CarController.elf.dir/Drivers/STM32F4xx_HAL_Driver/Src/stm32f4xx_hal_tim.c.obj
                0x00000000080047ec                TIM_ETR_SetConfig
 .text.HAL_TIM_ConfigClockSource
                0x0000000008004802       0xda CMakeFiles/CarController.elf.dir/Drivers/STM32F4xx_HAL_Driver/Src/stm32f4xx_hal_tim.c.obj
                0x0000000008004802                HAL_TIM_ConfigClockSource
 .text.HAL_TIMEx_MasterConfigSynchronization
                0x00000000080048dc       0x78 CMakeFiles/CarController.elf.dir/Drivers/STM32F4xx_HAL_Driver/Src/stm32f4xx_hal_tim_ex.c.obj
                0x00000000080048dc                HAL_TIMEx_MasterConfigSynchronization
 .text.HAL_TIMEx_CommutCallback
                0x0000000008004954        0x2 CMakeFiles/CarController.elf.dir/Drivers/STM32F4xx_HAL_Driver/Src/stm32f4xx_hal_tim_ex.c.obj
                0x0000000008004954                HAL_TIMEx_CommutCallback
 .text.HAL_TIMEx_BreakCallback
                0x0000000008004956        0x2 CMakeFiles/CarController.elf.dir/Drivers/STM32F4xx_HAL_Driver/Src/stm32f4xx_hal_tim_ex.c.obj
                0x0000000008004956                HAL_TIMEx_BreakCallback
 .text.USB_CoreReset
                0x0000000008004958       0x3c CMakeFiles/CarController.elf.dir/Drivers/STM32F4xx_HAL_Driver/Src/stm32f4xx_ll_usb.c.obj
 .text.USB_CoreInit
                0x0000000008004994       0x8a CMakeFiles/CarController.elf.dir/Drivers/STM32F4xx_HAL_Driver/Src/stm32f4xx_ll_usb.c.obj
                0x0000000008004994                USB_CoreInit
 *fill*         0x0000000008004a1e        0x2 
 .text.USB_SetTurnaroundTime
                0x0000000008004a20       0xe4 CMakeFiles/CarController.elf.dir/Drivers/STM32F4xx_HAL_Driver/Src/stm32f4xx_ll_usb.c.obj
                0x0000000008004a20                USB_SetTurnaroundTime
 .text.USB_EnableGlobalInt
                0x0000000008004b04        0xc CMakeFiles/CarController.elf.dir/Drivers/STM32F4xx_HAL_Driver/Src/stm32f4xx_ll_usb.c.obj
                0x0000000008004b04                USB_EnableGlobalInt
 .text.USB_DisableGlobalInt
                0x0000000008004b10        0xc CMakeFiles/CarController.elf.dir/Drivers/STM32F4xx_HAL_Driver/Src/stm32f4xx_ll_usb.c.obj
                0x0000000008004b10                USB_DisableGlobalInt
 .text.USB_SetCurrentMode
                0x0000000008004b1c       0x30 CMakeFiles/CarController.elf.dir/Drivers/STM32F4xx_HAL_Driver/Src/stm32f4xx_ll_usb.c.obj
                0x0000000008004b1c                USB_SetCurrentMode
 .text.USB_FlushTxFifo
                0x0000000008004b4c       0x28 CMakeFiles/CarController.elf.dir/Drivers/STM32F4xx_HAL_Driver/Src/stm32f4xx_ll_usb.c.obj
                0x0000000008004b4c                USB_FlushTxFifo
 .text.USB_FlushRxFifo
                0x0000000008004b74       0x24 CMakeFiles/CarController.elf.dir/Drivers/STM32F4xx_HAL_Driver/Src/stm32f4xx_ll_usb.c.obj
                0x0000000008004b74                USB_FlushRxFifo
 .text.USB_SetDevSpeed
                0x0000000008004b98        0xe CMakeFiles/CarController.elf.dir/Drivers/STM32F4xx_HAL_Driver/Src/stm32f4xx_ll_usb.c.obj
                0x0000000008004b98                USB_SetDevSpeed
 *fill*         0x0000000008004ba6        0x2 
 .text.USB_DevInit
                0x0000000008004ba8      0x198 CMakeFiles/CarController.elf.dir/Drivers/STM32F4xx_HAL_Driver/Src/stm32f4xx_ll_usb.c.obj
                0x0000000008004ba8                USB_DevInit
 .text.USB_GetDevSpeed
                0x0000000008004d40       0x22 CMakeFiles/CarController.elf.dir/Drivers/STM32F4xx_HAL_Driver/Src/stm32f4xx_ll_usb.c.obj
                0x0000000008004d40                USB_GetDevSpeed
 .text.USB_ActivateEndpoint
                0x0000000008004d62       0x94 CMakeFiles/CarController.elf.dir/Drivers/STM32F4xx_HAL_Driver/Src/stm32f4xx_ll_usb.c.obj
                0x0000000008004d62                USB_ActivateEndpoint
 *fill*         0x0000000008004df6        0x2 
 .text.USB_DeactivateEndpoint
                0x0000000008004df8       0xdc CMakeFiles/CarController.elf.dir/Drivers/STM32F4xx_HAL_Driver/Src/stm32f4xx_ll_usb.c.obj
                0x0000000008004df8                USB_DeactivateEndpoint
 .text.USB_EP0StartXfer
                0x0000000008004ed4      0x11c CMakeFiles/CarController.elf.dir/Drivers/STM32F4xx_HAL_Driver/Src/stm32f4xx_ll_usb.c.obj
                0x0000000008004ed4                USB_EP0StartXfer
 .text.USB_WritePacket
                0x0000000008004ff0       0x28 CMakeFiles/CarController.elf.dir/Drivers/STM32F4xx_HAL_Driver/Src/stm32f4xx_ll_usb.c.obj
                0x0000000008004ff0                USB_WritePacket
 .text.USB_EPStartXfer
                0x0000000008005018      0x218 CMakeFiles/CarController.elf.dir/Drivers/STM32F4xx_HAL_Driver/Src/stm32f4xx_ll_usb.c.obj
                0x0000000008005018                USB_EPStartXfer
 .text.USB_ReadPacket
                0x0000000008005230       0x20 CMakeFiles/CarController.elf.dir/Drivers/STM32F4xx_HAL_Driver/Src/stm32f4xx_ll_usb.c.obj
                0x0000000008005230                USB_ReadPacket
 .text.USB_EPSetStall
                0x0000000008005250       0x5a CMakeFiles/CarController.elf.dir/Drivers/STM32F4xx_HAL_Driver/Src/stm32f4xx_ll_usb.c.obj
                0x0000000008005250                USB_EPSetStall
 .text.USB_EPClearStall
                0x00000000080052aa       0x5c CMakeFiles/CarController.elf.dir/Drivers/STM32F4xx_HAL_Driver/Src/stm32f4xx_ll_usb.c.obj
                0x00000000080052aa                USB_EPClearStall
 .text.USB_SetDevAddress
                0x0000000008005306       0x20 CMakeFiles/CarController.elf.dir/Drivers/STM32F4xx_HAL_Driver/Src/stm32f4xx_ll_usb.c.obj
                0x0000000008005306                USB_SetDevAddress
 .text.USB_DevConnect
                0x0000000008005326       0x1c CMakeFiles/CarController.elf.dir/Drivers/STM32F4xx_HAL_Driver/Src/stm32f4xx_ll_usb.c.obj
                0x0000000008005326                USB_DevConnect
 .text.USB_DevDisconnect
                0x0000000008005342       0x1c CMakeFiles/CarController.elf.dir/Drivers/STM32F4xx_HAL_Driver/Src/stm32f4xx_ll_usb.c.obj
                0x0000000008005342                USB_DevDisconnect
 .text.USB_ReadInterrupts
                0x000000000800535e        0x8 CMakeFiles/CarController.elf.dir/Drivers/STM32F4xx_HAL_Driver/Src/stm32f4xx_ll_usb.c.obj
                0x000000000800535e                USB_ReadInterrupts
 .text.USB_ReadDevAllOutEpInterrupt
                0x0000000008005366       0x10 CMakeFiles/CarController.elf.dir/Drivers/STM32F4xx_HAL_Driver/Src/stm32f4xx_ll_usb.c.obj
                0x0000000008005366                USB_ReadDevAllOutEpInterrupt
 .text.USB_ReadDevAllInEpInterrupt
                0x0000000008005376       0x10 CMakeFiles/CarController.elf.dir/Drivers/STM32F4xx_HAL_Driver/Src/stm32f4xx_ll_usb.c.obj
                0x0000000008005376                USB_ReadDevAllInEpInterrupt
 .text.USB_ReadDevOutEPInterrupt
                0x0000000008005386       0x12 CMakeFiles/CarController.elf.dir/Drivers/STM32F4xx_HAL_Driver/Src/stm32f4xx_ll_usb.c.obj
                0x0000000008005386                USB_ReadDevOutEPInterrupt
 .text.USB_ReadDevInEPInterrupt
                0x0000000008005398       0x26 CMakeFiles/CarController.elf.dir/Drivers/STM32F4xx_HAL_Driver/Src/stm32f4xx_ll_usb.c.obj
                0x0000000008005398                USB_ReadDevInEPInterrupt
 .text.USB_GetMode
                0x00000000080053be        0x8 CMakeFiles/CarController.elf.dir/Drivers/STM32F4xx_HAL_Driver/Src/stm32f4xx_ll_usb.c.obj
                0x00000000080053be                USB_GetMode
 .text.USB_ActivateSetup
                0x00000000080053c6       0x20 CMakeFiles/CarController.elf.dir/Drivers/STM32F4xx_HAL_Driver/Src/stm32f4xx_ll_usb.c.obj
                0x00000000080053c6                USB_ActivateSetup
 *fill*         0x00000000080053e6        0x2 
 .text.USB_EP0_OutStart
                0x00000000080053e8       0x5c CMakeFiles/CarController.elf.dir/Drivers/STM32F4xx_HAL_Driver/Src/stm32f4xx_ll_usb.c.obj
                0x00000000080053e8                USB_EP0_OutStart
 .text.USBD_CDC_EP0_RxReady
                0x0000000008005444       0x28 CMakeFiles/CarController.elf.dir/Middlewares/ST/STM32_USB_Device_Library/Class/CDC/Src/usbd_cdc.c.obj
 .text.USBD_CDC_GetFSCfgDesc
                0x000000000800546c        0xc CMakeFiles/CarController.elf.dir/Middlewares/ST/STM32_USB_Device_Library/Class/CDC/Src/usbd_cdc.c.obj
 .text.USBD_CDC_GetHSCfgDesc
                0x0000000008005478        0xc CMakeFiles/CarController.elf.dir/Middlewares/ST/STM32_USB_Device_Library/Class/CDC/Src/usbd_cdc.c.obj
 .text.USBD_CDC_GetOtherSpeedCfgDesc
                0x0000000008005484        0xc CMakeFiles/CarController.elf.dir/Middlewares/ST/STM32_USB_Device_Library/Class/CDC/Src/usbd_cdc.c.obj
 .text.USBD_CDC_GetDeviceQualifierDescriptor
                0x0000000008005490        0xc CMakeFiles/CarController.elf.dir/Middlewares/ST/STM32_USB_Device_Library/Class/CDC/Src/usbd_cdc.c.obj
                0x0000000008005490                USBD_CDC_GetDeviceQualifierDescriptor
 .text.USBD_CDC_DataOut
                0x000000000800549c       0x2a CMakeFiles/CarController.elf.dir/Middlewares/ST/STM32_USB_Device_Library/Class/CDC/Src/usbd_cdc.c.obj
 .text.USBD_CDC_DataIn
                0x00000000080054c6       0x64 CMakeFiles/CarController.elf.dir/Middlewares/ST/STM32_USB_Device_Library/Class/CDC/Src/usbd_cdc.c.obj
 .text.USBD_CDC_Setup
                0x000000000800552a       0xe0 CMakeFiles/CarController.elf.dir/Middlewares/ST/STM32_USB_Device_Library/Class/CDC/Src/usbd_cdc.c.obj
 .text.USBD_CDC_DeInit
                0x000000000800560a       0x48 CMakeFiles/CarController.elf.dir/Middlewares/ST/STM32_USB_Device_Library/Class/CDC/Src/usbd_cdc.c.obj
 .text.USBD_CDC_Init
                0x0000000008005652       0xc2 CMakeFiles/CarController.elf.dir/Middlewares/ST/STM32_USB_Device_Library/Class/CDC/Src/usbd_cdc.c.obj
 .text.USBD_CDC_RegisterInterface
                0x0000000008005714        0xe CMakeFiles/CarController.elf.dir/Middlewares/ST/STM32_USB_Device_Library/Class/CDC/Src/usbd_cdc.c.obj
                0x0000000008005714                USBD_CDC_RegisterInterface
 .text.USBD_CDC_SetTxBuffer
                0x0000000008005722       0x10 CMakeFiles/CarController.elf.dir/Middlewares/ST/STM32_USB_Device_Library/Class/CDC/Src/usbd_cdc.c.obj
                0x0000000008005722                USBD_CDC_SetTxBuffer
 .text.USBD_CDC_SetRxBuffer
                0x0000000008005732        0xc CMakeFiles/CarController.elf.dir/Middlewares/ST/STM32_USB_Device_Library/Class/CDC/Src/usbd_cdc.c.obj
                0x0000000008005732                USBD_CDC_SetRxBuffer
 .text.USBD_CDC_TransmitPacket
                0x000000000800573e       0x34 CMakeFiles/CarController.elf.dir/Middlewares/ST/STM32_USB_Device_Library/Class/CDC/Src/usbd_cdc.c.obj
                0x000000000800573e                USBD_CDC_TransmitPacket
 .text.USBD_CDC_ReceivePacket
                0x0000000008005772       0x32 CMakeFiles/CarController.elf.dir/Middlewares/ST/STM32_USB_Device_Library/Class/CDC/Src/usbd_cdc.c.obj
                0x0000000008005772                USBD_CDC_ReceivePacket
 .text.USBD_Init
                0x00000000080057a4       0x38 CMakeFiles/CarController.elf.dir/Middlewares/ST/STM32_USB_Device_Library/Core/Src/usbd_core.c.obj
                0x00000000080057a4                USBD_Init
 .text.USBD_RegisterClass
                0x00000000080057dc       0x28 CMakeFiles/CarController.elf.dir/Middlewares/ST/STM32_USB_Device_Library/Core/Src/usbd_core.c.obj
                0x00000000080057dc                USBD_RegisterClass
 .text.USBD_Start
                0x0000000008005804        0x8 CMakeFiles/CarController.elf.dir/Middlewares/ST/STM32_USB_Device_Library/Core/Src/usbd_core.c.obj
                0x0000000008005804                USBD_Start
 .text.USBD_SetClassConfig
                0x000000000800580c       0x12 CMakeFiles/CarController.elf.dir/Middlewares/ST/STM32_USB_Device_Library/Core/Src/usbd_core.c.obj
                0x000000000800580c                USBD_SetClassConfig
 .text.USBD_ClrClassConfig
                0x000000000800581e       0x10 CMakeFiles/CarController.elf.dir/Middlewares/ST/STM32_USB_Device_Library/Core/Src/usbd_core.c.obj
                0x000000000800581e                USBD_ClrClassConfig
 .text.USBD_LL_SetupStage
                0x000000000800582e       0x58 CMakeFiles/CarController.elf.dir/Middlewares/ST/STM32_USB_Device_Library/Core/Src/usbd_core.c.obj
                0x000000000800582e                USBD_LL_SetupStage
 .text.USBD_LL_DataOutStage
                0x0000000008005886       0x72 CMakeFiles/CarController.elf.dir/Middlewares/ST/STM32_USB_Device_Library/Core/Src/usbd_core.c.obj
                0x0000000008005886                USBD_LL_DataOutStage
 .text.USBD_LL_DataInStage
                0x00000000080058f8       0xb8 CMakeFiles/CarController.elf.dir/Middlewares/ST/STM32_USB_Device_Library/Core/Src/usbd_core.c.obj
                0x00000000080058f8                USBD_LL_DataInStage
 .text.USBD_LL_Reset
                0x00000000080059b0       0x52 CMakeFiles/CarController.elf.dir/Middlewares/ST/STM32_USB_Device_Library/Core/Src/usbd_core.c.obj
                0x00000000080059b0                USBD_LL_Reset
 .text.USBD_LL_SetSpeed
                0x0000000008005a02        0x6 CMakeFiles/CarController.elf.dir/Middlewares/ST/STM32_USB_Device_Library/Core/Src/usbd_core.c.obj
                0x0000000008005a02                USBD_LL_SetSpeed
 .text.USBD_LL_Suspend
                0x0000000008005a08       0x12 CMakeFiles/CarController.elf.dir/Middlewares/ST/STM32_USB_Device_Library/Core/Src/usbd_core.c.obj
                0x0000000008005a08                USBD_LL_Suspend
 .text.USBD_LL_Resume
                0x0000000008005a1a       0x16 CMakeFiles/CarController.elf.dir/Middlewares/ST/STM32_USB_Device_Library/Core/Src/usbd_core.c.obj
                0x0000000008005a1a                USBD_LL_Resume
 .text.USBD_LL_SOF
                0x0000000008005a30       0x1c CMakeFiles/CarController.elf.dir/Middlewares/ST/STM32_USB_Device_Library/Core/Src/usbd_core.c.obj
                0x0000000008005a30                USBD_LL_SOF
 .text.USBD_LL_IsoINIncomplete
                0x0000000008005a4c        0x4 CMakeFiles/CarController.elf.dir/Middlewares/ST/STM32_USB_Device_Library/Core/Src/usbd_core.c.obj
                0x0000000008005a4c                USBD_LL_IsoINIncomplete
 .text.USBD_LL_IsoOUTIncomplete
                0x0000000008005a50        0x4 CMakeFiles/CarController.elf.dir/Middlewares/ST/STM32_USB_Device_Library/Core/Src/usbd_core.c.obj
                0x0000000008005a50                USBD_LL_IsoOUTIncomplete
 .text.USBD_LL_DevConnected
                0x0000000008005a54        0x4 CMakeFiles/CarController.elf.dir/Middlewares/ST/STM32_USB_Device_Library/Core/Src/usbd_core.c.obj
                0x0000000008005a54                USBD_LL_DevConnected
 .text.USBD_LL_DevDisconnected
                0x0000000008005a58       0x18 CMakeFiles/CarController.elf.dir/Middlewares/ST/STM32_USB_Device_Library/Core/Src/usbd_core.c.obj
                0x0000000008005a58                USBD_LL_DevDisconnected
 .text.USBD_GetLen
                0x0000000008005a70       0x12 CMakeFiles/CarController.elf.dir/Middlewares/ST/STM32_USB_Device_Library/Core/Src/usbd_ctlreq.c.obj
 .text.USBD_SetFeature
                0x0000000008005a82       0x14 CMakeFiles/CarController.elf.dir/Middlewares/ST/STM32_USB_Device_Library/Core/Src/usbd_ctlreq.c.obj
 .text.USBD_ParseSetupRequest
                0x0000000008005a96       0x28 CMakeFiles/CarController.elf.dir/Middlewares/ST/STM32_USB_Device_Library/Core/Src/usbd_ctlreq.c.obj
                0x0000000008005a96                USBD_ParseSetupRequest
 .text.USBD_CtlError
                0x0000000008005abe       0x14 CMakeFiles/CarController.elf.dir/Middlewares/ST/STM32_USB_Device_Library/Core/Src/usbd_ctlreq.c.obj
                0x0000000008005abe                USBD_CtlError
 .text.USBD_GetDescriptor
                0x0000000008005ad2      0x18a CMakeFiles/CarController.elf.dir/Middlewares/ST/STM32_USB_Device_Library/Core/Src/usbd_ctlreq.c.obj
 .text.USBD_SetAddress
                0x0000000008005c5c       0x4e CMakeFiles/CarController.elf.dir/Middlewares/ST/STM32_USB_Device_Library/Core/Src/usbd_ctlreq.c.obj
 *fill*         0x0000000008005caa        0x2 
 .text.USBD_SetConfig
                0x0000000008005cac       0xc4 CMakeFiles/CarController.elf.dir/Middlewares/ST/STM32_USB_Device_Library/Core/Src/usbd_ctlreq.c.obj
 .text.USBD_GetConfig
                0x0000000008005d70       0x3e CMakeFiles/CarController.elf.dir/Middlewares/ST/STM32_USB_Device_Library/Core/Src/usbd_ctlreq.c.obj
 .text.USBD_GetStatus
                0x0000000008005dae       0x38 CMakeFiles/CarController.elf.dir/Middlewares/ST/STM32_USB_Device_Library/Core/Src/usbd_ctlreq.c.obj
 .text.USBD_ClrFeature
                0x0000000008005de6       0x26 CMakeFiles/CarController.elf.dir/Middlewares/ST/STM32_USB_Device_Library/Core/Src/usbd_ctlreq.c.obj
 .text.USBD_StdDevReq
                0x0000000008005e0c       0x70 CMakeFiles/CarController.elf.dir/Middlewares/ST/STM32_USB_Device_Library/Core/Src/usbd_ctlreq.c.obj
                0x0000000008005e0c                USBD_StdDevReq
 .text.USBD_StdItfReq
                0x0000000008005e7c       0x68 CMakeFiles/CarController.elf.dir/Middlewares/ST/STM32_USB_Device_Library/Core/Src/usbd_ctlreq.c.obj
                0x0000000008005e7c                USBD_StdItfReq
 .text.USBD_StdEPReq
                0x0000000008005ee4      0x1e4 CMakeFiles/CarController.elf.dir/Middlewares/ST/STM32_USB_Device_Library/Core/Src/usbd_ctlreq.c.obj
                0x0000000008005ee4                USBD_StdEPReq
 .text.USBD_GetString
                0x00000000080060c8       0x36 CMakeFiles/CarController.elf.dir/Middlewares/ST/STM32_USB_Device_Library/Core/Src/usbd_ctlreq.c.obj
                0x00000000080060c8                USBD_GetString
 .text.USBD_CtlSendData
                0x00000000080060fe       0x1a CMakeFiles/CarController.elf.dir/Middlewares/ST/STM32_USB_Device_Library/Core/Src/usbd_ioreq.c.obj
                0x00000000080060fe                USBD_CtlSendData
 .text.USBD_CtlContinueSendData
                0x0000000008006118       0x10 CMakeFiles/CarController.elf.dir/Middlewares/ST/STM32_USB_Device_Library/Core/Src/usbd_ioreq.c.obj
                0x0000000008006118                USBD_CtlContinueSendData
 .text.USBD_CtlPrepareRx
                0x0000000008006128       0x1e CMakeFiles/CarController.elf.dir/Middlewares/ST/STM32_USB_Device_Library/Core/Src/usbd_ioreq.c.obj
                0x0000000008006128                USBD_CtlPrepareRx
 .text.USBD_CtlContinueRx
                0x0000000008006146       0x10 CMakeFiles/CarController.elf.dir/Middlewares/ST/STM32_USB_Device_Library/Core/Src/usbd_ioreq.c.obj
                0x0000000008006146                USBD_CtlContinueRx
 .text.USBD_CtlSendStatus
                0x0000000008006156       0x16 CMakeFiles/CarController.elf.dir/Middlewares/ST/STM32_USB_Device_Library/Core/Src/usbd_ioreq.c.obj
                0x0000000008006156                USBD_CtlSendStatus
 .text.USBD_CtlReceiveStatus
                0x000000000800616c       0x16 CMakeFiles/CarController.elf.dir/Middlewares/ST/STM32_USB_Device_Library/Core/Src/usbd_ioreq.c.obj
                0x000000000800616c                USBD_CtlReceiveStatus
 *fill*         0x0000000008006182        0x2 
 .text.MX_USB_DEVICE_Init
                0x0000000008006184       0x54 CMakeFiles/CarController.elf.dir/USB_DEVICE/App/usb_device.c.obj
                0x0000000008006184                MX_USB_DEVICE_Init
 .text.CDC_DeInit_FS
                0x00000000080061d8        0x4 CMakeFiles/CarController.elf.dir/USB_DEVICE/App/usbd_cdc_if.c.obj
 .text.CDC_Control_FS
                0x00000000080061dc        0x4 CMakeFiles/CarController.elf.dir/USB_DEVICE/App/usbd_cdc_if.c.obj
 .text.CDC_TransmitCplt_FS
                0x00000000080061e0        0x4 CMakeFiles/CarController.elf.dir/USB_DEVICE/App/usbd_cdc_if.c.obj
 .text.CDC_Receive_FS
                0x00000000080061e4       0x1c CMakeFiles/CarController.elf.dir/USB_DEVICE/App/usbd_cdc_if.c.obj
 .text.CDC_Init_FS
                0x0000000008006200       0x28 CMakeFiles/CarController.elf.dir/USB_DEVICE/App/usbd_cdc_if.c.obj
 .text.CDC_Transmit_FS
                0x0000000008006228       0x2c CMakeFiles/CarController.elf.dir/USB_DEVICE/App/usbd_cdc_if.c.obj
                0x0000000008006228                CDC_Transmit_FS
 .text.USBD_FS_DeviceDescriptor
                0x0000000008006254        0xc CMakeFiles/CarController.elf.dir/USB_DEVICE/App/usbd_desc.c.obj
                0x0000000008006254                USBD_FS_DeviceDescriptor
 .text.USBD_FS_LangIDStrDescriptor
                0x0000000008006260        0xc CMakeFiles/CarController.elf.dir/USB_DEVICE/App/usbd_desc.c.obj
                0x0000000008006260                USBD_FS_LangIDStrDescriptor
 .text.IntToUnicode
                0x000000000800626c       0x38 CMakeFiles/CarController.elf.dir/USB_DEVICE/App/usbd_desc.c.obj
 .text.Get_SerialNum
                0x00000000080062a4       0x34 CMakeFiles/CarController.elf.dir/USB_DEVICE/App/usbd_desc.c.obj
 .text.USBD_FS_SerialStrDescriptor
                0x00000000080062d8       0x14 CMakeFiles/CarController.elf.dir/USB_DEVICE/App/usbd_desc.c.obj
                0x00000000080062d8                USBD_FS_SerialStrDescriptor
 .text.USBD_FS_ProductStrDescriptor
                0x00000000080062ec       0x24 CMakeFiles/CarController.elf.dir/USB_DEVICE/App/usbd_desc.c.obj
                0x00000000080062ec                USBD_FS_ProductStrDescriptor
 .text.USBD_FS_ManufacturerStrDescriptor
                0x0000000008006310       0x1c CMakeFiles/CarController.elf.dir/USB_DEVICE/App/usbd_desc.c.obj
                0x0000000008006310                USBD_FS_ManufacturerStrDescriptor
 .text.USBD_FS_ConfigStrDescriptor
                0x000000000800632c       0x24 CMakeFiles/CarController.elf.dir/USB_DEVICE/App/usbd_desc.c.obj
                0x000000000800632c                USBD_FS_ConfigStrDescriptor
 .text.USBD_FS_InterfaceStrDescriptor
                0x0000000008006350       0x24 CMakeFiles/CarController.elf.dir/USB_DEVICE/App/usbd_desc.c.obj
                0x0000000008006350                USBD_FS_InterfaceStrDescriptor
 .text.HAL_PCD_MspInit
                0x0000000008006374       0x9c CMakeFiles/CarController.elf.dir/USB_DEVICE/Target/usbd_conf.c.obj
                0x0000000008006374                HAL_PCD_MspInit
 .text.HAL_PCD_SetupStageCallback
                0x0000000008006410       0x10 CMakeFiles/CarController.elf.dir/USB_DEVICE/Target/usbd_conf.c.obj
                0x0000000008006410                HAL_PCD_SetupStageCallback
 .text.HAL_PCD_DataOutStageCallback
                0x0000000008006420       0x18 CMakeFiles/CarController.elf.dir/USB_DEVICE/Target/usbd_conf.c.obj
                0x0000000008006420                HAL_PCD_DataOutStageCallback
 .text.HAL_PCD_DataInStageCallback
                0x0000000008006438       0x16 CMakeFiles/CarController.elf.dir/USB_DEVICE/Target/usbd_conf.c.obj
                0x0000000008006438                HAL_PCD_DataInStageCallback
 .text.HAL_PCD_SOFCallback
                0x000000000800644e        0xc CMakeFiles/CarController.elf.dir/USB_DEVICE/Target/usbd_conf.c.obj
                0x000000000800644e                HAL_PCD_SOFCallback
 .text.HAL_PCD_ResetCallback
                0x000000000800645a       0x24 CMakeFiles/CarController.elf.dir/USB_DEVICE/Target/usbd_conf.c.obj
                0x000000000800645a                HAL_PCD_ResetCallback
 *fill*         0x000000000800647e        0x2 
 .text.HAL_PCD_SuspendCallback
                0x0000000008006480       0x30 CMakeFiles/CarController.elf.dir/USB_DEVICE/Target/usbd_conf.c.obj
                0x0000000008006480                HAL_PCD_SuspendCallback
 .text.HAL_PCD_ResumeCallback
                0x00000000080064b0        0xc CMakeFiles/CarController.elf.dir/USB_DEVICE/Target/usbd_conf.c.obj
                0x00000000080064b0                HAL_PCD_ResumeCallback
 .text.HAL_PCD_ISOOUTIncompleteCallback
                0x00000000080064bc        0xc CMakeFiles/CarController.elf.dir/USB_DEVICE/Target/usbd_conf.c.obj
                0x00000000080064bc                HAL_PCD_ISOOUTIncompleteCallback
 .text.HAL_PCD_ISOINIncompleteCallback
                0x00000000080064c8        0xc CMakeFiles/CarController.elf.dir/USB_DEVICE/Target/usbd_conf.c.obj
                0x00000000080064c8                HAL_PCD_ISOINIncompleteCallback
 .text.HAL_PCD_ConnectCallback
                0x00000000080064d4        0xc CMakeFiles/CarController.elf.dir/USB_DEVICE/Target/usbd_conf.c.obj
                0x00000000080064d4                HAL_PCD_ConnectCallback
 .text.HAL_PCD_DisconnectCallback
                0x00000000080064e0        0xc CMakeFiles/CarController.elf.dir/USB_DEVICE/Target/usbd_conf.c.obj
                0x00000000080064e0                HAL_PCD_DisconnectCallback
 .text.USBD_LL_Init
                0x00000000080064ec       0x68 CMakeFiles/CarController.elf.dir/USB_DEVICE/Target/usbd_conf.c.obj
                0x00000000080064ec                USBD_LL_Init
 .text.USBD_LL_IsStallEP
                0x0000000008006554       0x2e CMakeFiles/CarController.elf.dir/USB_DEVICE/Target/usbd_conf.c.obj
                0x0000000008006554                USBD_LL_IsStallEP
 .text.USBD_LL_GetRxDataSize
                0x0000000008006582        0xc CMakeFiles/CarController.elf.dir/USB_DEVICE/Target/usbd_conf.c.obj
                0x0000000008006582                USBD_LL_GetRxDataSize
 .text.USBD_Get_USB_Status
                0x000000000800658e       0x14 CMakeFiles/CarController.elf.dir/USB_DEVICE/Target/usbd_conf.c.obj
                0x000000000800658e                USBD_Get_USB_Status
 .text.USBD_LL_Start
                0x00000000080065a2       0x10 CMakeFiles/CarController.elf.dir/USB_DEVICE/Target/usbd_conf.c.obj
                0x00000000080065a2                USBD_LL_Start
 .text.USBD_LL_OpenEP
                0x00000000080065b2       0x16 CMakeFiles/CarController.elf.dir/USB_DEVICE/Target/usbd_conf.c.obj
                0x00000000080065b2                USBD_LL_OpenEP
 .text.USBD_LL_CloseEP
                0x00000000080065c8       0x10 CMakeFiles/CarController.elf.dir/USB_DEVICE/Target/usbd_conf.c.obj
                0x00000000080065c8                USBD_LL_CloseEP
 .text.USBD_LL_StallEP
                0x00000000080065d8       0x10 CMakeFiles/CarController.elf.dir/USB_DEVICE/Target/usbd_conf.c.obj
                0x00000000080065d8                USBD_LL_StallEP
 .text.USBD_LL_ClearStallEP
                0x00000000080065e8       0x10 CMakeFiles/CarController.elf.dir/USB_DEVICE/Target/usbd_conf.c.obj
                0x00000000080065e8                USBD_LL_ClearStallEP
 .text.USBD_LL_SetUSBAddress
                0x00000000080065f8       0x10 CMakeFiles/CarController.elf.dir/USB_DEVICE/Target/usbd_conf.c.obj
                0x00000000080065f8                USBD_LL_SetUSBAddress
 .text.USBD_LL_Transmit
                0x0000000008006608       0x10 CMakeFiles/CarController.elf.dir/USB_DEVICE/Target/usbd_conf.c.obj
                0x0000000008006608                USBD_LL_Transmit
 .text.USBD_LL_PrepareReceive
                0x0000000008006618       0x10 CMakeFiles/CarController.elf.dir/USB_DEVICE/Target/usbd_conf.c.obj
                0x0000000008006618                USBD_LL_PrepareReceive
 .text.__errno  0x0000000008006628        0xc /Applications/ARM/bin/../lib/gcc/arm-none-eabi/9.3.1/../../../../arm-none-eabi/lib/thumb/v7e-m/nofp/libg.a(lib_a-errno.o)
                0x0000000008006628                __errno
 .text.__libc_init_array
                0x0000000008006634       0x48 /Applications/ARM/bin/../lib/gcc/arm-none-eabi/9.3.1/../../../../arm-none-eabi/lib/thumb/v7e-m/nofp/libg.a(lib_a-init.o)
                0x0000000008006634                __libc_init_array
 .text.malloc   0x000000000800667c       0x10 /Applications/ARM/bin/../lib/gcc/arm-none-eabi/9.3.1/../../../../arm-none-eabi/lib/thumb/v7e-m/nofp/libg.a(lib_a-malloc.o)
                0x000000000800667c                malloc
 .text.free     0x000000000800668c       0x10 /Applications/ARM/bin/../lib/gcc/arm-none-eabi/9.3.1/../../../../arm-none-eabi/lib/thumb/v7e-m/nofp/libg.a(lib_a-malloc.o)
                0x000000000800668c                free
 .text._malloc_r
                0x000000000800669c      0x574 /Applications/ARM/bin/../lib/gcc/arm-none-eabi/9.3.1/../../../../arm-none-eabi/lib/thumb/v7e-m/nofp/libg.a(lib_a-mallocr.o)
                0x000000000800669c                _malloc_r
 .text.memset   0x0000000008006c10       0xa0 /Applications/ARM/bin/../lib/gcc/arm-none-eabi/9.3.1/../../../../arm-none-eabi/lib/thumb/v7e-m/nofp/libg.a(lib_a-memset.o)
                0x0000000008006c10                memset
 .text.__malloc_lock
                0x0000000008006cb0        0xc /Applications/ARM/bin/../lib/gcc/arm-none-eabi/9.3.1/../../../../arm-none-eabi/lib/thumb/v7e-m/nofp/libg.a(lib_a-mlock.o)
                0x0000000008006cb0                __malloc_lock
 .text.__malloc_unlock
                0x0000000008006cbc        0xc /Applications/ARM/bin/../lib/gcc/arm-none-eabi/9.3.1/../../../../arm-none-eabi/lib/thumb/v7e-m/nofp/libg.a(lib_a-mlock.o)
                0x0000000008006cbc                __malloc_unlock
 .text._sbrk_r  0x0000000008006cc8       0x24 /Applications/ARM/bin/../lib/gcc/arm-none-eabi/9.3.1/../../../../arm-none-eabi/lib/thumb/v7e-m/nofp/libg.a(lib_a-sbrkr.o)
                0x0000000008006cc8                _sbrk_r
 .text.sprintf  0x0000000008006cec       0x44 /Applications/ARM/bin/../lib/gcc/arm-none-eabi/9.3.1/../../../../arm-none-eabi/lib/thumb/v7e-m/nofp/libg.a(lib_a-sprintf.o)
                0x0000000008006cec                sprintf
 .text._svfprintf_r
                0x0000000008006d30     0x1acc /Applications/ARM/bin/../lib/gcc/arm-none-eabi/9.3.1/../../../../arm-none-eabi/lib/thumb/v7e-m/nofp/libg.a(lib_a-svfprintf.o)
                0x0000000008006d30                _svfprintf_r
 .text.startup.register_fini
                0x00000000080087fc       0x14 /Applications/ARM/bin/../lib/gcc/arm-none-eabi/9.3.1/../../../../arm-none-eabi/lib/thumb/v7e-m/nofp/libg.a(lib_a-__call_atexit.o)
 .text.atexit   0x0000000008008810        0xc /Applications/ARM/bin/../lib/gcc/arm-none-eabi/9.3.1/../../../../arm-none-eabi/lib/thumb/v7e-m/nofp/libg.a(lib_a-atexit.o)
                0x0000000008008810                atexit
 .text.quorem   0x000000000800881c      0x11c /Applications/ARM/bin/../lib/gcc/arm-none-eabi/9.3.1/../../../../arm-none-eabi/lib/thumb/v7e-m/nofp/libg.a(lib_a-dtoa.o)
 .text._dtoa_r  0x0000000008008938      0xed4 /Applications/ARM/bin/../lib/gcc/arm-none-eabi/9.3.1/../../../../arm-none-eabi/lib/thumb/v7e-m/nofp/libg.a(lib_a-dtoa.o)
                0x0000000008008938                _dtoa_r
 .text.__libc_fini_array
                0x000000000800980c       0x2c /Applications/ARM/bin/../lib/gcc/arm-none-eabi/9.3.1/../../../../arm-none-eabi/lib/thumb/v7e-m/nofp/libg.a(lib_a-fini.o)
                0x000000000800980c                __libc_fini_array
 .text._malloc_trim_r
                0x0000000008009838       0xa0 /Applications/ARM/bin/../lib/gcc/arm-none-eabi/9.3.1/../../../../arm-none-eabi/lib/thumb/v7e-m/nofp/libg.a(lib_a-freer.o)
                0x0000000008009838                _malloc_trim_r
 .text._free_r  0x00000000080098d8      0x208 /Applications/ARM/bin/../lib/gcc/arm-none-eabi/9.3.1/../../../../arm-none-eabi/lib/thumb/v7e-m/nofp/libg.a(lib_a-freer.o)
                0x00000000080098d8                _free_r
 .text._localeconv_r
                0x0000000008009ae0        0x8 /Applications/ARM/bin/../lib/gcc/arm-none-eabi/9.3.1/../../../../arm-none-eabi/lib/thumb/v7e-m/nofp/libg.a(lib_a-localeconv.o)
                0x0000000008009ae0                _localeconv_r
 .text.__retarget_lock_init_recursive
                0x0000000008009ae8        0x4 /Applications/ARM/bin/../lib/gcc/arm-none-eabi/9.3.1/../../../../arm-none-eabi/lib/thumb/v7e-m/nofp/libg.a(lib_a-lock.o)
                0x0000000008009ae8                __retarget_lock_init_recursive
 .text.__retarget_lock_close_recursive
                0x0000000008009aec        0x4 /Applications/ARM/bin/../lib/gcc/arm-none-eabi/9.3.1/../../../../arm-none-eabi/lib/thumb/v7e-m/nofp/libg.a(lib_a-lock.o)
                0x0000000008009aec                __retarget_lock_close_recursive
 .text.__retarget_lock_acquire_recursive
                0x0000000008009af0        0x4 /Applications/ARM/bin/../lib/gcc/arm-none-eabi/9.3.1/../../../../arm-none-eabi/lib/thumb/v7e-m/nofp/libg.a(lib_a-lock.o)
                0x0000000008009af0                __retarget_lock_acquire_recursive
 .text.__retarget_lock_release_recursive
                0x0000000008009af4        0x4 /Applications/ARM/bin/../lib/gcc/arm-none-eabi/9.3.1/../../../../arm-none-eabi/lib/thumb/v7e-m/nofp/libg.a(lib_a-lock.o)
                0x0000000008009af4                __retarget_lock_release_recursive
 .text._Balloc  0x0000000008009af8       0x4c /Applications/ARM/bin/../lib/gcc/arm-none-eabi/9.3.1/../../../../arm-none-eabi/lib/thumb/v7e-m/nofp/libg.a(lib_a-mprec.o)
                0x0000000008009af8                _Balloc
 .text._Bfree   0x0000000008009b44       0x14 /Applications/ARM/bin/../lib/gcc/arm-none-eabi/9.3.1/../../../../arm-none-eabi/lib/thumb/v7e-m/nofp/libg.a(lib_a-mprec.o)
                0x0000000008009b44                _Bfree
 .text.__multadd
                0x0000000008009b58       0xa0 /Applications/ARM/bin/../lib/gcc/arm-none-eabi/9.3.1/../../../../arm-none-eabi/lib/thumb/v7e-m/nofp/libg.a(lib_a-mprec.o)
                0x0000000008009b58                __multadd
 .text.__hi0bits
                0x0000000008009bf8       0x40 /Applications/ARM/bin/../lib/gcc/arm-none-eabi/9.3.1/../../../../arm-none-eabi/lib/thumb/v7e-m/nofp/libg.a(lib_a-mprec.o)
                0x0000000008009bf8                __hi0bits
 .text.__lo0bits
                0x0000000008009c38       0x60 /Applications/ARM/bin/../lib/gcc/arm-none-eabi/9.3.1/../../../../arm-none-eabi/lib/thumb/v7e-m/nofp/libg.a(lib_a-mprec.o)
                0x0000000008009c38                __lo0bits
 .text.__i2b    0x0000000008009c98       0x2c /Applications/ARM/bin/../lib/gcc/arm-none-eabi/9.3.1/../../../../arm-none-eabi/lib/thumb/v7e-m/nofp/libg.a(lib_a-mprec.o)
                0x0000000008009c98                __i2b
 .text.__multiply
                0x0000000008009cc4      0x160 /Applications/ARM/bin/../lib/gcc/arm-none-eabi/9.3.1/../../../../arm-none-eabi/lib/thumb/v7e-m/nofp/libg.a(lib_a-mprec.o)
                0x0000000008009cc4                __multiply
 .text.__pow5mult
                0x0000000008009e24       0x98 /Applications/ARM/bin/../lib/gcc/arm-none-eabi/9.3.1/../../../../arm-none-eabi/lib/thumb/v7e-m/nofp/libg.a(lib_a-mprec.o)
                0x0000000008009e24                __pow5mult
 .text.__lshift
                0x0000000008009ebc       0xe8 /Applications/ARM/bin/../lib/gcc/arm-none-eabi/9.3.1/../../../../arm-none-eabi/lib/thumb/v7e-m/nofp/libg.a(lib_a-mprec.o)
                0x0000000008009ebc                __lshift
 .text.__mcmp   0x0000000008009fa4       0x3c /Applications/ARM/bin/../lib/gcc/arm-none-eabi/9.3.1/../../../../arm-none-eabi/lib/thumb/v7e-m/nofp/libg.a(lib_a-mprec.o)
                0x0000000008009fa4                __mcmp
 .text.__mdiff  0x0000000008009fe0      0x148 /Applications/ARM/bin/../lib/gcc/arm-none-eabi/9.3.1/../../../../arm-none-eabi/lib/thumb/v7e-m/nofp/libg.a(lib_a-mprec.o)
                0x0000000008009fe0                __mdiff
 .text.__d2b    0x000000000800a128       0xc4 /Applications/ARM/bin/../lib/gcc/arm-none-eabi/9.3.1/../../../../arm-none-eabi/lib/thumb/v7e-m/nofp/libg.a(lib_a-mprec.o)
                0x000000000800a128                __d2b
 .text.frexp    0x000000000800a1ec       0x70 /Applications/ARM/bin/../lib/gcc/arm-none-eabi/9.3.1/../../../../arm-none-eabi/lib/thumb/v7e-m/nofp/libg.a(lib_a-s_frexp.o)
                0x000000000800a1ec                frexp
 .text.strncpy  0x000000000800a25c       0x68 /Applications/ARM/bin/../lib/gcc/arm-none-eabi/9.3.1/../../../../arm-none-eabi/lib/thumb/v7e-m/nofp/libg.a(lib_a-strncpy.o)
                0x000000000800a25c                strncpy
 .text.__ssprint_r
                0x000000000800a2c4       0xf8 /Applications/ARM/bin/../lib/gcc/arm-none-eabi/9.3.1/../../../../arm-none-eabi/lib/thumb/v7e-m/nofp/libg.a(lib_a-svfiprintf.o)
                0x000000000800a2c4                __ssprint_r
 .text.__register_exitproc
                0x000000000800a3bc       0x8c /Applications/ARM/bin/../lib/gcc/arm-none-eabi/9.3.1/../../../../arm-none-eabi/lib/thumb/v7e-m/nofp/libg.a(lib_a-__atexit.o)
                0x000000000800a3bc                __register_exitproc
 .text.__assert_func
                0x000000000800a448       0x3c /Applications/ARM/bin/../lib/gcc/arm-none-eabi/9.3.1/../../../../arm-none-eabi/lib/thumb/v7e-m/nofp/libg.a(lib_a-assert.o)
                0x000000000800a448                __assert_func
 .text._calloc_r
                0x000000000800a484       0x60 /Applications/ARM/bin/../lib/gcc/arm-none-eabi/9.3.1/../../../../arm-none-eabi/lib/thumb/v7e-m/nofp/libg.a(lib_a-callocr.o)
                0x000000000800a484                _calloc_r
 .text.fiprintf
                0x000000000800a4e4       0x28 /Applications/ARM/bin/../lib/gcc/arm-none-eabi/9.3.1/../../../../arm-none-eabi/lib/thumb/v7e-m/nofp/libg.a(lib_a-fiprintf.o)
                0x000000000800a4e4                fiprintf
 .text.__locale_mb_cur_max
                0x000000000800a50c        0xc /Applications/ARM/bin/../lib/gcc/arm-none-eabi/9.3.1/../../../../arm-none-eabi/lib/thumb/v7e-m/nofp/libg.a(lib_a-locale.o)
                0x000000000800a50c                __locale_mb_cur_max
 .text.__ascii_mbtowc
                0x000000000800a518       0x2c /Applications/ARM/bin/../lib/gcc/arm-none-eabi/9.3.1/../../../../arm-none-eabi/lib/thumb/v7e-m/nofp/libg.a(lib_a-mbtowc_r.o)
                0x000000000800a518                __ascii_mbtowc
 .text.memmove  0x000000000800a544       0xd8 /Applications/ARM/bin/../lib/gcc/arm-none-eabi/9.3.1/../../../../arm-none-eabi/lib/thumb/v7e-m/nofp/libg.a(lib_a-memmove.o)
                0x000000000800a544                memmove
 .text._realloc_r
                0x000000000800a61c      0x3e0 /Applications/ARM/bin/../lib/gcc/arm-none-eabi/9.3.1/../../../../arm-none-eabi/lib/thumb/v7e-m/nofp/libg.a(lib_a-reallocr.o)
                0x000000000800a61c                _realloc_r
 .text.__sprint_r.part.0
                0x000000000800a9fc       0x78 /Applications/ARM/bin/../lib/gcc/arm-none-eabi/9.3.1/../../../../arm-none-eabi/lib/thumb/v7e-m/nofp/libg.a(lib_a-vfiprintf.o)
 .text._vfiprintf_r
                0x000000000800aa74      0xd38 /Applications/ARM/bin/../lib/gcc/arm-none-eabi/9.3.1/../../../../arm-none-eabi/lib/thumb/v7e-m/nofp/libg.a(lib_a-vfiprintf.o)
                0x000000000800aa74                _vfiprintf_r
 .text.__sbprintf
                0x000000000800b7ac       0x84 /Applications/ARM/bin/../lib/gcc/arm-none-eabi/9.3.1/../../../../arm-none-eabi/lib/thumb/v7e-m/nofp/libg.a(lib_a-vfiprintf.o)
 .text.__ascii_wctomb
                0x000000000800b830       0x1c /Applications/ARM/bin/../lib/gcc/arm-none-eabi/9.3.1/../../../../arm-none-eabi/lib/thumb/v7e-m/nofp/libg.a(lib_a-wctomb_r.o)
                0x000000000800b830                __ascii_wctomb
 .text.__swsetup_r
                0x000000000800b84c       0xd0 /Applications/ARM/bin/../lib/gcc/arm-none-eabi/9.3.1/../../../../arm-none-eabi/lib/thumb/v7e-m/nofp/libg.a(lib_a-wsetup.o)
                0x000000000800b84c                __swsetup_r
 .text.abort    0x000000000800b91c       0x10 /Applications/ARM/bin/../lib/gcc/arm-none-eabi/9.3.1/../../../../arm-none-eabi/lib/thumb/v7e-m/nofp/libg.a(lib_a-abort.o)
                0x000000000800b91c                abort
 .text.__sflush_r
                0x000000000800b92c      0x130 /Applications/ARM/bin/../lib/gcc/arm-none-eabi/9.3.1/../../../../arm-none-eabi/lib/thumb/v7e-m/nofp/libg.a(lib_a-fflush.o)
                0x000000000800b92c                __sflush_r
 .text._fflush_r
                0x000000000800ba5c       0x5c /Applications/ARM/bin/../lib/gcc/arm-none-eabi/9.3.1/../../../../arm-none-eabi/lib/thumb/v7e-m/nofp/libg.a(lib_a-fflush.o)
                0x000000000800ba5c                _fflush_r
 .text.std      0x000000000800bab8       0x50 /Applications/ARM/bin/../lib/gcc/arm-none-eabi/9.3.1/../../../../arm-none-eabi/lib/thumb/v7e-m/nofp/libg.a(lib_a-findfp.o)
 .text._cleanup_r
                0x000000000800bb08        0xc /Applications/ARM/bin/../lib/gcc/arm-none-eabi/9.3.1/../../../../arm-none-eabi/lib/thumb/v7e-m/nofp/libg.a(lib_a-findfp.o)
                0x000000000800bb08                _cleanup_r
 .text.__sinit  0x000000000800bb14       0x54 /Applications/ARM/bin/../lib/gcc/arm-none-eabi/9.3.1/../../../../arm-none-eabi/lib/thumb/v7e-m/nofp/libg.a(lib_a-findfp.o)
                0x000000000800bb14                __sinit
 .text.__sfp_lock_acquire
                0x000000000800bb68        0xc /Applications/ARM/bin/../lib/gcc/arm-none-eabi/9.3.1/../../../../arm-none-eabi/lib/thumb/v7e-m/nofp/libg.a(lib_a-findfp.o)
                0x000000000800bb68                __sfp_lock_acquire
 .text.__sfp_lock_release
                0x000000000800bb74        0xc /Applications/ARM/bin/../lib/gcc/arm-none-eabi/9.3.1/../../../../arm-none-eabi/lib/thumb/v7e-m/nofp/libg.a(lib_a-findfp.o)
                0x000000000800bb74                __sfp_lock_release
 .text.__fputwc
                0x000000000800bb80       0xa8 /Applications/ARM/bin/../lib/gcc/arm-none-eabi/9.3.1/../../../../arm-none-eabi/lib/thumb/v7e-m/nofp/libg.a(lib_a-fputwc.o)
                0x000000000800bb80                __fputwc
 .text._fputwc_r
                0x000000000800bc28       0x68 /Applications/ARM/bin/../lib/gcc/arm-none-eabi/9.3.1/../../../../arm-none-eabi/lib/thumb/v7e-m/nofp/libg.a(lib_a-fputwc.o)
                0x000000000800bc28                _fputwc_r
 .text.__sfvwrite_r
                0x000000000800bc90      0x2e0 /Applications/ARM/bin/../lib/gcc/arm-none-eabi/9.3.1/../../../../arm-none-eabi/lib/thumb/v7e-m/nofp/libg.a(lib_a-fvwrite.o)
                0x000000000800bc90                __sfvwrite_r
 .text._fwalk_reent
                0x000000000800bf70       0x48 /Applications/ARM/bin/../lib/gcc/arm-none-eabi/9.3.1/../../../../arm-none-eabi/lib/thumb/v7e-m/nofp/libg.a(lib_a-fwalk.o)
                0x000000000800bf70                _fwalk_reent
 .text.__swhatbuf_r
                0x000000000800bfb8       0x5c /Applications/ARM/bin/../lib/gcc/arm-none-eabi/9.3.1/../../../../arm-none-eabi/lib/thumb/v7e-m/nofp/libg.a(lib_a-makebuf.o)
                0x000000000800bfb8                __swhatbuf_r
 .text.__smakebuf_r
                0x000000000800c014       0x98 /Applications/ARM/bin/../lib/gcc/arm-none-eabi/9.3.1/../../../../arm-none-eabi/lib/thumb/v7e-m/nofp/libg.a(lib_a-makebuf.o)
                0x000000000800c014                __smakebuf_r
 .text._raise_r
                0x000000000800c0ac       0x58 /Applications/ARM/bin/../lib/gcc/arm-none-eabi/9.3.1/../../../../arm-none-eabi/lib/thumb/v7e-m/nofp/libg.a(lib_a-signal.o)
                0x000000000800c0ac                _raise_r
 .text.raise    0x000000000800c104       0x10 /Applications/ARM/bin/../lib/gcc/arm-none-eabi/9.3.1/../../../../arm-none-eabi/lib/thumb/v7e-m/nofp/libg.a(lib_a-signal.o)
                0x000000000800c104                raise
 .text._kill_r  0x000000000800c114       0x2c /Applications/ARM/bin/../lib/gcc/arm-none-eabi/9.3.1/../../../../arm-none-eabi/lib/thumb/v7e-m/nofp/libg.a(lib_a-signalr.o)
                0x000000000800c114                _kill_r
 .text._getpid_r
                0x000000000800c140        0x4 /Applications/ARM/bin/../lib/gcc/arm-none-eabi/9.3.1/../../../../arm-none-eabi/lib/thumb/v7e-m/nofp/libg.a(lib_a-signalr.o)
                0x000000000800c140                _getpid_r
 .text.__sread  0x000000000800c144       0x24 /Applications/ARM/bin/../lib/gcc/arm-none-eabi/9.3.1/../../../../arm-none-eabi/lib/thumb/v7e-m/nofp/libg.a(lib_a-stdio.o)
                0x000000000800c144                __sread
 .text.__swrite
                0x000000000800c168       0x40 /Applications/ARM/bin/../lib/gcc/arm-none-eabi/9.3.1/../../../../arm-none-eabi/lib/thumb/v7e-m/nofp/libg.a(lib_a-stdio.o)
                0x000000000800c168                __swrite
 .text.__sseek  0x000000000800c1a8       0x20 /Applications/ARM/bin/../lib/gcc/arm-none-eabi/9.3.1/../../../../arm-none-eabi/lib/thumb/v7e-m/nofp/libg.a(lib_a-stdio.o)
                0x000000000800c1a8                __sseek
 .text.__sclose
                0x000000000800c1c8        0x8 /Applications/ARM/bin/../lib/gcc/arm-none-eabi/9.3.1/../../../../arm-none-eabi/lib/thumb/v7e-m/nofp/libg.a(lib_a-stdio.o)
                0x000000000800c1c8                __sclose
 .text.__swbuf_r
                0x000000000800c1d0       0xb0 /Applications/ARM/bin/../lib/gcc/arm-none-eabi/9.3.1/../../../../arm-none-eabi/lib/thumb/v7e-m/nofp/libg.a(lib_a-wbuf.o)
                0x000000000800c1d0                __swbuf_r
 .text._wcrtomb_r
                0x000000000800c280       0x3c /Applications/ARM/bin/../lib/gcc/arm-none-eabi/9.3.1/../../../../arm-none-eabi/lib/thumb/v7e-m/nofp/libg.a(lib_a-wcrtomb.o)
                0x000000000800c280                _wcrtomb_r
 .text._write_r
                0x000000000800c2bc       0x2c /Applications/ARM/bin/../lib/gcc/arm-none-eabi/9.3.1/../../../../arm-none-eabi/lib/thumb/v7e-m/nofp/libg.a(lib_a-writer.o)
                0x000000000800c2bc                _write_r
 .text._close_r
                0x000000000800c2e8       0x24 /Applications/ARM/bin/../lib/gcc/arm-none-eabi/9.3.1/../../../../arm-none-eabi/lib/thumb/v7e-m/nofp/libg.a(lib_a-closer.o)
                0x000000000800c2e8                _close_r
 .text._fclose_r
                0x000000000800c30c       0xcc /Applications/ARM/bin/../lib/gcc/arm-none-eabi/9.3.1/../../../../arm-none-eabi/lib/thumb/v7e-m/nofp/libg.a(lib_a-fclose.o)
                0x000000000800c30c                _fclose_r
 .text._fstat_r
                0x000000000800c3d8       0x2c /Applications/ARM/bin/../lib/gcc/arm-none-eabi/9.3.1/../../../../arm-none-eabi/lib/thumb/v7e-m/nofp/libg.a(lib_a-fstatr.o)
                0x000000000800c3d8                _fstat_r
 .text._isatty_r
                0x000000000800c404       0x24 /Applications/ARM/bin/../lib/gcc/arm-none-eabi/9.3.1/../../../../arm-none-eabi/lib/thumb/v7e-m/nofp/libg.a(lib_a-isattyr.o)
                0x000000000800c404                _isatty_r
 .text._lseek_r
                0x000000000800c428       0x2c /Applications/ARM/bin/../lib/gcc/arm-none-eabi/9.3.1/../../../../arm-none-eabi/lib/thumb/v7e-m/nofp/libg.a(lib_a-lseekr.o)
                0x000000000800c428                _lseek_r
 .text._read_r  0x000000000800c454       0x2c /Applications/ARM/bin/../lib/gcc/arm-none-eabi/9.3.1/../../../../arm-none-eabi/lib/thumb/v7e-m/nofp/libg.a(lib_a-readr.o)
                0x000000000800c454                _read_r
 *(.glue_7)
 .glue_7        0x000000000800c480        0x0 linker stubs
 *(.glue_7t)
 .glue_7t       0x000000000800c480        0x0 linker stubs
 *(.eh_frame)
 .eh_frame      0x000000000800c480        0x0 /Applications/ARM/bin/../lib/gcc/arm-none-eabi/9.3.1/thumb/v7e-m/nofp/crtbegin.o
 *(.init)
 .init          0x000000000800c480        0x4 /Applications/ARM/bin/../lib/gcc/arm-none-eabi/9.3.1/thumb/v7e-m/nofp/crti.o
                0x000000000800c480                _init
 .init          0x000000000800c484        0x8 /Applications/ARM/bin/../lib/gcc/arm-none-eabi/9.3.1/thumb/v7e-m/nofp/crtn.o
 *(.fini)
 .fini          0x000000000800c48c        0x4 /Applications/ARM/bin/../lib/gcc/arm-none-eabi/9.3.1/thumb/v7e-m/nofp/crti.o
                0x000000000800c48c                _fini
 .fini          0x000000000800c490        0x8 /Applications/ARM/bin/../lib/gcc/arm-none-eabi/9.3.1/thumb/v7e-m/nofp/crtn.o
                0x000000000800c498                . = ALIGN (0x4)
                0x000000000800c498                _etext = .

.vfp11_veneer   0x000000000800c498        0x0
 .vfp11_veneer  0x000000000800c498        0x0 linker stubs

.v4_bx          0x000000000800c498        0x0
 .v4_bx         0x000000000800c498        0x0 linker stubs

.iplt           0x000000000800c498        0x0
 .iplt          0x000000000800c498        0x0 /Applications/ARM/bin/../lib/gcc/arm-none-eabi/9.3.1/thumb/v7e-m/nofp/crtbegin.o

.rodata         0x000000000800c498      0x450
                0x000000000800c498                . = ALIGN (0x4)
 *(.rodata)
 *(.rodata*)
 .rodata.HAL_GPIO_EXTI_Callback.str1.4
                0x000000000800c498       0x2f CMakeFiles/CarController.elf.dir/Core/Src/main.c.obj
 *fill*         0x000000000800c4c7        0x1 
 .rodata.HAL_TIM_PeriodElapsedCallback.str1.4
                0x000000000800c4c8       0x14 CMakeFiles/CarController.elf.dir/Core/Src/main.c.obj
 .rodata.AHBPrescTable
                0x000000000800c4dc       0x10 CMakeFiles/CarController.elf.dir/Core/Src/system_stm32f4xx.c.obj
                0x000000000800c4dc                AHBPrescTable
 .rodata.APBPrescTable
                0x000000000800c4ec        0x8 CMakeFiles/CarController.elf.dir/Core/Src/system_stm32f4xx.c.obj
                0x000000000800c4ec                APBPrescTable
 .rodata.USBD_FS_ProductStrDescriptor.str1.4
                0x000000000800c4f4        0xe CMakeFiles/CarController.elf.dir/USB_DEVICE/App/usbd_desc.c.obj
 *fill*         0x000000000800c502        0x2 
 .rodata.USBD_FS_ManufacturerStrDescriptor.str1.4
                0x000000000800c504       0x13 CMakeFiles/CarController.elf.dir/USB_DEVICE/App/usbd_desc.c.obj
 *fill*         0x000000000800c517        0x1 
 .rodata.USBD_FS_ConfigStrDescriptor.str1.4
                0x000000000800c518        0xb CMakeFiles/CarController.elf.dir/USB_DEVICE/App/usbd_desc.c.obj
 *fill*         0x000000000800c523        0x1 
 .rodata.USBD_FS_InterfaceStrDescriptor.str1.4
                0x000000000800c524        0xe CMakeFiles/CarController.elf.dir/USB_DEVICE/App/usbd_desc.c.obj
 *fill*         0x000000000800c532        0x2 
 .rodata._global_impure_ptr
                0x000000000800c534        0x4 /Applications/ARM/bin/../lib/gcc/arm-none-eabi/9.3.1/../../../../arm-none-eabi/lib/thumb/v7e-m/nofp/libg.a(lib_a-impure.o)
                0x000000000800c534                _global_impure_ptr
 .rodata._svfprintf_r.str1.4
                0x000000000800c538       0x42 /Applications/ARM/bin/../lib/gcc/arm-none-eabi/9.3.1/../../../../arm-none-eabi/lib/thumb/v7e-m/nofp/libg.a(lib_a-svfprintf.o)
 *fill*         0x000000000800c57a        0x2 
 .rodata.blanks.7335
                0x000000000800c57c       0x10 /Applications/ARM/bin/../lib/gcc/arm-none-eabi/9.3.1/../../../../arm-none-eabi/lib/thumb/v7e-m/nofp/libg.a(lib_a-svfprintf.o)
 .rodata.zeroes.7336
                0x000000000800c58c       0x10 /Applications/ARM/bin/../lib/gcc/arm-none-eabi/9.3.1/../../../../arm-none-eabi/lib/thumb/v7e-m/nofp/libg.a(lib_a-svfprintf.o)
 .rodata._dtoa_r.str1.4
                0x000000000800c59c       0x7d /Applications/ARM/bin/../lib/gcc/arm-none-eabi/9.3.1/../../../../arm-none-eabi/lib/thumb/v7e-m/nofp/libg.a(lib_a-dtoa.o)
                                         0x81 (size before relaxing)
 *fill*         0x000000000800c619        0x3 
 .rodata.__multadd.str1.4
                0x000000000800c61c       0x5a /Applications/ARM/bin/../lib/gcc/arm-none-eabi/9.3.1/../../../../arm-none-eabi/lib/thumb/v7e-m/nofp/libg.a(lib_a-mprec.o)
                                         0x6e (size before relaxing)
 *fill*         0x000000000800c676        0x2 
 .rodata.__mprec_bigtens
                0x000000000800c678       0x28 /Applications/ARM/bin/../lib/gcc/arm-none-eabi/9.3.1/../../../../arm-none-eabi/lib/thumb/v7e-m/nofp/libg.a(lib_a-mprec.o)
                0x000000000800c678                __mprec_bigtens
 .rodata.__mprec_tens
                0x000000000800c6a0       0xc8 /Applications/ARM/bin/../lib/gcc/arm-none-eabi/9.3.1/../../../../arm-none-eabi/lib/thumb/v7e-m/nofp/libg.a(lib_a-mprec.o)
                0x000000000800c6a0                __mprec_tens
 .rodata.p05.6122
                0x000000000800c768        0xc /Applications/ARM/bin/../lib/gcc/arm-none-eabi/9.3.1/../../../../arm-none-eabi/lib/thumb/v7e-m/nofp/libg.a(lib_a-mprec.o)
 .rodata.__assert_func.str1.4
                0x000000000800c774       0x3f /Applications/ARM/bin/../lib/gcc/arm-none-eabi/9.3.1/../../../../arm-none-eabi/lib/thumb/v7e-m/nofp/libg.a(lib_a-assert.o)
                                         0x43 (size before relaxing)
 *fill*         0x000000000800c7b3        0x1 
 .rodata._setlocale_r.str1.4
                0x000000000800c7b4        0xa /Applications/ARM/bin/../lib/gcc/arm-none-eabi/9.3.1/../../../../arm-none-eabi/lib/thumb/v7e-m/nofp/libg.a(lib_a-locale.o)
                                          0xd (size before relaxing)
 *fill*         0x000000000800c7be        0x2 
 .rodata.str1.4
                0x000000000800c7c0        0x2 /Applications/ARM/bin/../lib/gcc/arm-none-eabi/9.3.1/../../../../arm-none-eabi/lib/thumb/v7e-m/nofp/libg.a(lib_a-locale.o)
 .rodata._vfiprintf_r.str1.4
                0x000000000800c7c2       0x2f /Applications/ARM/bin/../lib/gcc/arm-none-eabi/9.3.1/../../../../arm-none-eabi/lib/thumb/v7e-m/nofp/libg.a(lib_a-vfiprintf.o)
 *fill*         0x000000000800c7c2        0x2 
 .rodata.blanks.7328
                0x000000000800c7c4       0x10 /Applications/ARM/bin/../lib/gcc/arm-none-eabi/9.3.1/../../../../arm-none-eabi/lib/thumb/v7e-m/nofp/libg.a(lib_a-vfiprintf.o)
 .rodata.zeroes.7329
                0x000000000800c7d4       0x10 /Applications/ARM/bin/../lib/gcc/arm-none-eabi/9.3.1/../../../../arm-none-eabi/lib/thumb/v7e-m/nofp/libg.a(lib_a-vfiprintf.o)
 .rodata._ctype_
                0x000000000800c7e4      0x101 /Applications/ARM/bin/../lib/gcc/arm-none-eabi/9.3.1/../../../../arm-none-eabi/lib/thumb/v7e-m/nofp/libg.a(lib_a-ctype_.o)
                0x000000000800c7e4                _ctype_
                0x000000000800c8e8                . = ALIGN (0x4)
 *fill*         0x000000000800c8e5        0x3 

.ARM.extab      0x000000000800c8e8        0x0
                0x000000000800c8e8                . = ALIGN (0x4)
 *(.ARM.extab* .gnu.linkonce.armextab.*)
                0x000000000800c8e8                . = ALIGN (0x4)

.ARM            0x000000000800c8e8        0x8
                0x000000000800c8e8                . = ALIGN (0x4)
                0x000000000800c8e8                __exidx_start = .
 *(.ARM.exidx*)
 .ARM.exidx     0x000000000800c8e8        0x8 /Applications/ARM/bin/../lib/gcc/arm-none-eabi/9.3.1/thumb/v7e-m/nofp/libgcc.a(_udivmoddi4.o)
                0x000000000800c8f0                __exidx_end = .
                0x000000000800c8f0                . = ALIGN (0x4)

.rel.dyn        0x000000000800c8f0        0x0
 .rel.iplt      0x000000000800c8f0        0x0 /Applications/ARM/bin/../lib/gcc/arm-none-eabi/9.3.1/thumb/v7e-m/nofp/crtbegin.o

.preinit_array  0x000000000800c8f0        0x0
                0x000000000800c8f0                . = ALIGN (0x4)
                0x000000000800c8f0                PROVIDE (__preinit_array_start = .)
 *(.preinit_array*)
                0x000000000800c8f0                PROVIDE (__preinit_array_end = .)
                0x000000000800c8f0                . = ALIGN (0x4)

.init_array     0x000000000800c8f0        0x8
                0x000000000800c8f0                . = ALIGN (0x4)
                0x000000000800c8f0                PROVIDE (__init_array_start = .)
 *(SORT_BY_NAME(.init_array.*))
 .init_array.00000
                0x000000000800c8f0        0x4 /Applications/ARM/bin/../lib/gcc/arm-none-eabi/9.3.1/../../../../arm-none-eabi/lib/thumb/v7e-m/nofp/libg.a(lib_a-__call_atexit.o)
 *(.init_array*)
 .init_array    0x000000000800c8f4        0x4 /Applications/ARM/bin/../lib/gcc/arm-none-eabi/9.3.1/thumb/v7e-m/nofp/crtbegin.o